Archive member included because of file (symbol)

/home/jonathan/x-tools/arm-unknown-eabi/lib/gcc/arm-unknown-eabi/4.7.2/../../../../arm-unknown-eabi/lib/libm.a(lib_a-w_acos.o)
                              obj/src/compass.o (acos)
/home/jonathan/x-tools/arm-unknown-eabi/lib/gcc/arm-unknown-eabi/4.7.2/../../../../arm-unknown-eabi/lib/libm.a(lib_a-w_sqrt.o)
                              obj/src/compass.o (sqrt)
/home/jonathan/x-tools/arm-unknown-eabi/lib/gcc/arm-unknown-eabi/4.7.2/../../../../arm-unknown-eabi/lib/libm.a(lib_a-wf_atan2.o)
                              obj/src/compass.o (atan2f)
/home/jonathan/x-tools/arm-unknown-eabi/lib/gcc/arm-unknown-eabi/4.7.2/../../../../arm-unknown-eabi/lib/libm.a(lib_a-e_acos.o)
                              /home/jonathan/x-tools/arm-unknown-eabi/lib/gcc/arm-unknown-eabi/4.7.2/../../../../arm-unknown-eabi/lib/libm.a(lib_a-w_acos.o) (__ieee754_acos)
/home/jonathan/x-tools/arm-unknown-eabi/lib/gcc/arm-unknown-eabi/4.7.2/../../../../arm-unknown-eabi/lib/libm.a(lib_a-e_sqrt.o)
                              /home/jonathan/x-tools/arm-unknown-eabi/lib/gcc/arm-unknown-eabi/4.7.2/../../../../arm-unknown-eabi/lib/libm.a(lib_a-w_sqrt.o) (__ieee754_sqrt)
/home/jonathan/x-tools/arm-unknown-eabi/lib/gcc/arm-unknown-eabi/4.7.2/../../../../arm-unknown-eabi/lib/libm.a(lib_a-ef_atan2.o)
                              /home/jonathan/x-tools/arm-unknown-eabi/lib/gcc/arm-unknown-eabi/4.7.2/../../../../arm-unknown-eabi/lib/libm.a(lib_a-wf_atan2.o) (__ieee754_atan2f)
/home/jonathan/x-tools/arm-unknown-eabi/lib/gcc/arm-unknown-eabi/4.7.2/../../../../arm-unknown-eabi/lib/libm.a(lib_a-s_fabs.o)
                              /home/jonathan/x-tools/arm-unknown-eabi/lib/gcc/arm-unknown-eabi/4.7.2/../../../../arm-unknown-eabi/lib/libm.a(lib_a-w_acos.o) (fabs)
/home/jonathan/x-tools/arm-unknown-eabi/lib/gcc/arm-unknown-eabi/4.7.2/../../../../arm-unknown-eabi/lib/libm.a(lib_a-s_fpclassify.o)
                              /home/jonathan/x-tools/arm-unknown-eabi/lib/gcc/arm-unknown-eabi/4.7.2/../../../../arm-unknown-eabi/lib/libm.a(lib_a-w_acos.o) (__fpclassifyd)
/home/jonathan/x-tools/arm-unknown-eabi/lib/gcc/arm-unknown-eabi/4.7.2/../../../../arm-unknown-eabi/lib/libm.a(lib_a-s_lib_ver.o)
                              /home/jonathan/x-tools/arm-unknown-eabi/lib/gcc/arm-unknown-eabi/4.7.2/../../../../arm-unknown-eabi/lib/libm.a(lib_a-w_acos.o) (__fdlib_version)
/home/jonathan/x-tools/arm-unknown-eabi/lib/gcc/arm-unknown-eabi/4.7.2/../../../../arm-unknown-eabi/lib/libm.a(lib_a-s_matherr.o)
                              /home/jonathan/x-tools/arm-unknown-eabi/lib/gcc/arm-unknown-eabi/4.7.2/../../../../arm-unknown-eabi/lib/libm.a(lib_a-w_acos.o) (matherr)
/home/jonathan/x-tools/arm-unknown-eabi/lib/gcc/arm-unknown-eabi/4.7.2/../../../../arm-unknown-eabi/lib/libm.a(lib_a-s_nan.o)
                              /home/jonathan/x-tools/arm-unknown-eabi/lib/gcc/arm-unknown-eabi/4.7.2/../../../../arm-unknown-eabi/lib/libm.a(lib_a-w_acos.o) (nan)
/home/jonathan/x-tools/arm-unknown-eabi/lib/gcc/arm-unknown-eabi/4.7.2/../../../../arm-unknown-eabi/lib/libm.a(lib_a-sf_atan.o)
                              /home/jonathan/x-tools/arm-unknown-eabi/lib/gcc/arm-unknown-eabi/4.7.2/../../../../arm-unknown-eabi/lib/libm.a(lib_a-ef_atan2.o) (atanf)
/home/jonathan/x-tools/arm-unknown-eabi/lib/gcc/arm-unknown-eabi/4.7.2/../../../../arm-unknown-eabi/lib/libm.a(lib_a-sf_fabs.o)
                              /home/jonathan/x-tools/arm-unknown-eabi/lib/gcc/arm-unknown-eabi/4.7.2/../../../../arm-unknown-eabi/lib/libm.a(lib_a-ef_atan2.o) (fabsf)
/home/jonathan/x-tools/arm-unknown-eabi/lib/gcc/arm-unknown-eabi/4.7.2/../../../../arm-unknown-eabi/lib/libc.a(lib_a-abort.o)
                              obj/src/newlib.o (abort)
/home/jonathan/x-tools/arm-unknown-eabi/lib/gcc/arm-unknown-eabi/4.7.2/../../../../arm-unknown-eabi/lib/libc.a(lib_a-atexit.o)
                              /home/jonathan/x-tools/arm-unknown-eabi/lib/gcc/arm-unknown-eabi/4.7.2/../../../../arm-unknown-eabi/lib/crt0.o (atexit)
/home/jonathan/x-tools/arm-unknown-eabi/lib/gcc/arm-unknown-eabi/4.7.2/../../../../arm-unknown-eabi/lib/libc.a(lib_a-errno.o)
                              /home/jonathan/x-tools/arm-unknown-eabi/lib/gcc/arm-unknown-eabi/4.7.2/../../../../arm-unknown-eabi/lib/libm.a(lib_a-w_acos.o) (__errno)
/home/jonathan/x-tools/arm-unknown-eabi/lib/gcc/arm-unknown-eabi/4.7.2/../../../../arm-unknown-eabi/lib/libc.a(lib_a-exit.o)
                              /home/jonathan/x-tools/arm-unknown-eabi/lib/gcc/arm-unknown-eabi/4.7.2/../../../../arm-unknown-eabi/lib/crt0.o (exit)
/home/jonathan/x-tools/arm-unknown-eabi/lib/gcc/arm-unknown-eabi/4.7.2/../../../../arm-unknown-eabi/lib/libc.a(lib_a-fini.o)
                              /home/jonathan/x-tools/arm-unknown-eabi/lib/gcc/arm-unknown-eabi/4.7.2/../../../../arm-unknown-eabi/lib/crt0.o (__libc_fini_array)
[...]
Memory Configuration

Name             Origin             Length             Attributes
FLASH            0x0000000008000000 0x0000000000040000 xr
RAM              0x0000000020000000 0x000000000000a000 xrw
MEMORY_B1        0x0000000060000000 0x0000000000000000 xr
CCMRAM           0x0000000010000000 0x0000000000002000 rw
*default*        0x0000000000000000 0xffffffffffffffff

Linker script and memory map

LOAD /home/jonathan/x-tools/arm-unknown-eabi/lib/gcc/arm-unknown-eabi/4.7.2/crti.o
LOAD /home/jonathan/x-tools/arm-unknown-eabi/lib/gcc/arm-unknown-eabi/4.7.2/crtbegin.o
LOAD /home/jonathan/x-tools/arm-unknown-eabi/lib/gcc/arm-unknown-eabi/4.7.2/../../../../arm-unknown-eabi/lib/crt0.o
LOAD obj/Libraries/STM32F30x_StdPeriph_Driver/src/stm32f30x_rcc.o
LOAD obj/Libraries/STM32F30x_StdPeriph_Driver/src/stm32f30x_dma.o
LOAD obj/Libraries/STM32F30x_StdPeriph_Driver/src/stm32f30x_opamp.o
LOAD obj/Libraries/STM32F30x_StdPeriph_Driver/src/stm32f30x_crc.o
LOAD obj/Libraries/STM32F30x_StdPeriph_Driver/src/stm32f30x_flash.o
LOAD obj/Libraries/STM32F30x_StdPeriph_Driver/src/stm32f30x_wwdg.o
LOAD obj/Libraries/STM32F30x_StdPeriph_Driver/src/stm32f30x_spi.o
LOAD obj/Libraries/STM32F30x_StdPeriph_Driver/src/stm32f30x_comp.o
LOAD obj/Libraries/STM32F30x_StdPeriph_Driver/src/stm32f30x_exti.o
LOAD obj/Libraries/STM32F30x_StdPeriph_Driver/src/stm32f30x_dac.o
LOAD obj/Libraries/STM32F30x_StdPeriph_Driver/src/stm32f30x_dbgmcu.o
LOAD obj/Libraries/STM32F30x_StdPeriph_Driver/src/stm32f30x_pwr.o
LOAD obj/Libraries/STM32F30x_StdPeriph_Driver/src/stm32f30x_rtc.o
LOAD obj/Libraries/STM32F30x_StdPeriph_Driver/src/stm32f30x_i2c.o
LOAD obj/Libraries/STM32F30x_StdPeriph_Driver/src/stm32f30x_syscfg.o
LOAD obj/Libraries/STM32F30x_StdPeriph_Driver/src/stm32f30x_usart.o
LOAD obj/Libraries/STM32F30x_StdPeriph_Driver/src/stm32f30x_can.o
LOAD obj/Libraries/STM32F30x_StdPeriph_Driver/src/stm32f30x_misc.o
LOAD obj/Libraries/STM32F30x_StdPeriph_Driver/src/stm32f30x_tim.o
LOAD obj/Libraries/STM32F30x_StdPeriph_Driver/src/stm32f30x_iwdg.o
LOAD obj/Libraries/STM32F30x_StdPeriph_Driver/src/stm32f30x_adc.o
LOAD obj/Libraries/STM32F30x_StdPeriph_Driver/src/stm32f30x_gpio.o
LOAD obj/Libraries/STM32_USB-FS-Device_Driver/src/usb_mem.o
LOAD obj/Libraries/STM32_USB-FS-Device_Driver/src/usb_init.o
LOAD obj/Libraries/STM32_USB-FS-Device_Driver/src/usb_sil.o
LOAD obj/Libraries/STM32_USB-FS-Device_Driver/src/usb_core.o
LOAD obj/Libraries/STM32_USB-FS-Device_Driver/src/usb_regs.o
LOAD obj/Libraries/STM32_USB-FS-Device_Driver/src/usb_int.o
LOAD obj/src/gyro.o
LOAD obj/src/hw_config.o
LOAD obj/src/stm32f3_discovery_l3gd20.o
LOAD obj/src/ring_avg.o
LOAD obj/src/stm32f3_discovery.o
LOAD obj/src/compass.o
LOAD obj/src/newlib.o
LOAD obj/src/stm32f3_discovery_lsm303dlhc.o
LOAD obj/src/main.o
LOAD obj/src/stm32f30x_it.o
LOAD obj/src/usb_istr.o
LOAD obj/src/system_stm32f30x.o
LOAD obj/src/usb_pwr.o
LOAD obj/src/usb_prop.o
LOAD obj/src/usb_desc.o
LOAD obj/src/usb_endp.o
LOAD obj/src/usart.o
LOAD obj/src/startup_stm32f30x.o
LOAD /home/jonathan/x-tools/arm-unknown-eabi/lib/gcc/arm-unknown-eabi/4.7.2/../../../../arm-unknown-eabi/lib/libm.a
LOAD /home/jonathan/x-tools/arm-unknown-eabi/lib/gcc/arm-unknown-eabi/4.7.2/../../../../arm-unknown-eabi/lib/libc.a
START GROUP
LOAD /home/jonathan/x-tools/arm-unknown-eabi/lib/gcc/arm-unknown-eabi/4.7.2/libgcc.a
LOAD /home/jonathan/x-tools/arm-unknown-eabi/lib/gcc/arm-unknown-eabi/4.7.2/../../../../arm-unknown-eabi/lib/libg.a
LOAD /home/jonathan/x-tools/arm-unknown-eabi/lib/gcc/arm-unknown-eabi/4.7.2/../../../../arm-unknown-eabi/lib/libc.a
END GROUP
LOAD /home/jonathan/x-tools/arm-unknown-eabi/lib/gcc/arm-unknown-eabi/4.7.2/crtend.o
LOAD /home/jonathan/x-tools/arm-unknown-eabi/lib/gcc/arm-unknown-eabi/4.7.2/crtn.o
                0x000000002000a000                _estack = 0x2000a000
                0x0000000000000000                _Min_Heap_Size = 0x0
                0x0000000000000200                _Min_Stack_Size = 0x200

.isr_vector     0x0000000008000000      0x188
                0x0000000008000000                . = ALIGN (0x4)
 *(.isr_vector)
 .isr_vector    0x0000000008000000      0x188 obj/src/startup_stm32f30x.o
                0x0000000008000000                g_pfnVectors
                0x0000000008000188                . = ALIGN (0x4)

.text           0x0000000008000188     0xe64c
                0x0000000008000188                . = ALIGN (0x4)
 *(.text)
 .text          0x0000000008000188       0xb0 /home/jonathan/x-tools/arm-unknown-eabi/lib/gcc/arm-unknown-eabi/4.7.2/crtbegin.o
 .text          0x0000000008000238       0xb8 /home/jonathan/x-tools/arm-unknown-eabi/lib/gcc/arm-unknown-eabi/4.7.2/../../../../arm-unknown-eabi/lib/libm.a(lib_a-w_acos.o)
                0x0000000008000238                acos
 .text          0x00000000080002f0       0xb8 /home/jonathan/x-tools/arm-unknown-eabi/lib/gcc/arm-unknown-eabi/4.7.2/../../../../arm-unknown-eabi/lib/libm.a(lib_a-w_sqrt.o)
                0x00000000080002f0                sqrt
 .text          0x00000000080003a8        0x4 /home/jonathan/x-tools/arm-unknown-eabi/lib/gcc/arm-unknown-eabi/4.7.2/../../../../arm-unknown-eabi/lib/libm.a(lib_a-wf_atan2.o)
                0x00000000080003a8                atan2f
 *fill*         0x00000000080003ac        0x4 00
 .text          0x00000000080003b0      0x588 /home/jonathan/x-tools/arm-unknown-eabi/lib/gcc/arm-unknown-eabi/4.7.2/../../../../arm-unknown-eabi/lib/libm.a(lib_a-e_acos.o)
                0x00000000080003b0                __ieee754_acos
 .text          0x0000000008000938      0x168 /home/jonathan/x-tools/arm-unknown-eabi/lib/gcc/arm-unknown-eabi/4.7.2/../../../../arm-unknown-eabi/lib/libm.a(lib_a-e_sqrt.o)
                0x0000000008000938                __ieee754_sqrt
 .text          0x0000000008000aa0      0x15c /home/jonathan/x-tools/arm-unknown-eabi/lib/gcc/arm-unknown-eabi/4.7.2/../../../../arm-unknown-eabi/lib/libm.a(lib_a-ef_atan2.o)
                0x0000000008000aa0                __ieee754_atan2f
 .text          0x0000000008000bfc       0x12 /home/jonathan/x-tools/arm-unknown-eabi/lib/gcc/arm-unknown-eabi/4.7.2/../../../../arm-unknown-eabi/lib/libm.a(lib_a-s_fabs.o)
                0x0000000008000bfc                fabs
 *fill*         0x0000000008000c0e        0x2 00
 .text          0x0000000008000c10       0x6c /home/jonathan/x-tools/arm-unknown-eabi/lib/gcc/arm-unknown-eabi/4.7.2/../../../../arm-unknown-eabi/lib/libm.a(lib_a-s_fpclassify.o)
                0x0000000008000c10                __fpclassifyd
 .text          0x0000000008000c7c        0x4 /home/jonathan/x-tools/arm-unknown-eabi/lib/gcc/arm-unknown-eabi/4.7.2/../../../../arm-unknown-eabi/lib/libm.a(lib_a-s_matherr.o)
                0x0000000008000c7c                matherr
 .text          0x0000000008000c80       0x10 /home/jonathan/x-tools/arm-unknown-eabi/lib/gcc/arm-unknown-eabi/4.7.2/../../../../arm-unknown-eabi/lib/libm.a(lib_a-s_nan.o)
                0x0000000008000c80                nan
 .text          0x0000000008000c90      0x19c /home/jonathan/x-tools/arm-unknown-eabi/lib/gcc/arm-unknown-eabi/4.7.2/../../../../arm-unknown-eabi/lib/libm.a(lib_a-sf_atan.o)
                0x0000000008000c90                atanf
 .text          0x0000000008000e2c        0xe /home/jonathan/x-tools/arm-unknown-eabi/lib/gcc/arm-unknown-eabi/4.7.2/../../../../arm-unknown-eabi/lib/libm.a(lib_a-sf_fabs.o)
                0x0000000008000e2c                fabsf
 .text          0x0000000008000e3a        0xe /home/jonathan/x-tools/arm-unknown-eabi/lib/gcc/arm-unknown-eabi/4.7.2/../../../../arm-unknown-eabi/lib/libc.a(lib_a-abort.o)
                0x0000000008000e3a                abort
 .text          0x0000000008000e48        0xc /home/jonathan/x-tools/arm-unknown-eabi/lib/gcc/arm-unknown-eabi/4.7.2/../../../../arm-unknown-eabi/lib/libc.a(lib_a-errno.o)
                0x0000000008000e48                __errno
 .text          0x0000000008000e54       0x4c /home/jonathan/x-tools/arm-unknown-eabi/lib/gcc/arm-unknown-eabi/4.7.2/../../../../arm-unknown-eabi/lib/libc.a(lib_a-init.o)
                0x0000000008000e54                __libc_init_array
 .text          0x0000000008000ea0       0x12 /home/jonathan/x-tools/arm-unknown-eabi/lib/gcc/arm-unknown-eabi/4.7.2/../../../../arm-unknown-eabi/lib/libc.a(lib_a-memcpy-stub.o)
                0x0000000008000ea0                memcpy
 .text          0x0000000008000eb2       0x10 /home/jonathan/x-tools/arm-unknown-eabi/lib/gcc/arm-unknown-eabi/4.7.2/../../../../arm-unknown-eabi/lib/libc.a(lib_a-memset.o)
                0x0000000008000eb2                memset
 *fill*         0x0000000008000ec2        0x2 00
 .text          0x0000000008000ec4       0x3c /home/jonathan/x-tools/arm-unknown-eabi/lib/gcc/arm-unknown-eabi/4.7.2/../../../../arm-unknown-eabi/lib/libc.a(lib_a-printf.o)
                0x0000000008000ec4                _printf_r
                0x0000000008000ede                printf
 .text          0x0000000008000f00       0xec /home/jonathan/x-tools/arm-unknown-eabi/lib/gcc/arm-unknown-eabi/4.7.2/../../../../arm-unknown-eabi/lib/libc.a(lib_a-setvbuf.o)
                0x0000000008000f00                setvbuf
 .text          0x0000000008000fec      0x144 /home/jonathan/x-tools/arm-unknown-eabi/lib/gcc/arm-unknown-eabi/4.7.2/../../../../arm-unknown-eabi/lib/libc.a(lib_a-signal.o)
                0x0000000008000fec                _init_signal_r
                0x000000000800101e                _signal_r
                0x0000000008001052                _raise_r
                0x00000000080010a4                __sigtramp_r
                0x00000000080010f2                raise
                0x0000000008001100                signal
                0x0000000008001114                _init_signal
                0x0000000008001120                __sigtramp
 .text          0x0000000008001130       0x28 /home/jonathan/x-tools/arm-unknown-eabi/lib/gcc/arm-unknown-eabi/4.7.2/../../../../arm-unknown-eabi/lib/libc.a(lib_a-signalr.o)
                0x0000000008001130                _kill_r
                0x0000000008001154                _getpid_r
 .text          0x0000000008001158       0x10 /home/jonathan/x-tools/arm-unknown-eabi/lib/gcc/arm-unknown-eabi/4.7.2/../../../../arm-unknown-eabi/lib/libc.a(lib_a-strlen.o)
                0x0000000008001158                strlen
 .text          0x0000000008001168     0x1500 /home/jonathan/x-tools/arm-unknown-eabi/lib/gcc/arm-unknown-eabi/4.7.2/../../../../arm-unknown-eabi/lib/libc.a(lib_a-vfprintf.o)
                0x0000000008001168                _vfprintf_r
                0x000000000800264c                vfprintf
 .text          0x0000000008002668       0xc0 /home/jonathan/x-tools/arm-unknown-eabi/lib/gcc/arm-unknown-eabi/4.7.2/../../../../arm-unknown-eabi/lib/libc.a(lib_a-wsetup.o)
                0x0000000008002668                __swsetup_r
 .text          0x0000000008002728      0xc40 /home/jonathan/x-tools/arm-unknown-eabi/lib/gcc/arm-unknown-eabi/4.7.2/../../../../arm-unknown-eabi/lib/libc.a(lib_a-dtoa.o)
                0x0000000008002846                _dtoa_r
 .text          0x0000000008003368      0x16c /home/jonathan/x-tools/arm-unknown-eabi/lib/gcc/arm-unknown-eabi/4.7.2/../../../../arm-unknown-eabi/lib/libc.a(lib_a-fflush.o)
                0x0000000008003368                __sflush_r
                0x000000000800348c                _fflush_r
                0x00000000080034b0                fflush
 .text          0x00000000080034d4      0x184 /home/jonathan/x-tools/arm-unknown-eabi/lib/gcc/arm-unknown-eabi/4.7.2/../../../../arm-unknown-eabi/lib/libc.a(lib_a-findfp.o)
                0x00000000080034dc                _cleanup_r
                0x0000000008003530                __sfmoreglue
                0x000000000800355a                _cleanup
                0x0000000008003568                __sinit
                0x00000000080035ac                __sfp
                0x0000000008003628                __sfp_lock_acquire
                0x000000000800362a                __sfp_lock_release
                0x000000000800362c                __sinit_lock_acquire
                0x000000000800362e                __sinit_lock_release
                0x0000000008003630                __fp_lock_all
                0x0000000008003644                __fp_unlock_all
 .text          0x0000000008003658      0x204 /home/jonathan/x-tools/arm-unknown-eabi/lib/gcc/arm-unknown-eabi/4.7.2/../../../../arm-unknown-eabi/lib/libc.a(lib_a-freer.o)
                0x0000000008003658                _malloc_trim_r
                0x00000000080036f4                _free_r
 .text          0x000000000800385c       0x7c /home/jonathan/x-tools/arm-unknown-eabi/lib/gcc/arm-unknown-eabi/4.7.2/../../../../arm-unknown-eabi/lib/libc.a(lib_a-fwalk.o)
                0x000000000800385c                _fwalk
                0x0000000008003898                _fwalk_reent
 .text          0x00000000080038d8       0x88 /home/jonathan/x-tools/arm-unknown-eabi/lib/gcc/arm-unknown-eabi/4.7.2/../../../../arm-unknown-eabi/lib/libc.a(lib_a-locale.o)
                0x00000000080038d8                _setlocale_r
                0x000000000800391c                __locale_charset
                0x0000000008003924                __locale_mb_cur_max
                0x0000000008003930                __locale_msgcharset
                0x0000000008003938                __locale_cjk_lang
                0x000000000800393c                _localeconv_r
                0x0000000008003944                setlocale
                0x0000000008003958                localeconv
 .text          0x0000000008003960       0xd8 /home/jonathan/x-tools/arm-unknown-eabi/lib/gcc/arm-unknown-eabi/4.7.2/../../../../arm-unknown-eabi/lib/libc.a(lib_a-makebuf.o)
                0x0000000008003960                __smakebuf_r
 .text          0x0000000008003a38       0x20 /home/jonathan/x-tools/arm-unknown-eabi/lib/gcc/arm-unknown-eabi/4.7.2/../../../../arm-unknown-eabi/lib/libc.a(lib_a-malloc.o)
                0x0000000008003a38                malloc
                0x0000000008003a48                free
 .text          0x0000000008003a58      0x3f8 /home/jonathan/x-tools/arm-unknown-eabi/lib/gcc/arm-unknown-eabi/4.7.2/../../../../arm-unknown-eabi/lib/libc.a(lib_a-mallocr.o)
                0x0000000008003a58                _malloc_r
 .text          0x0000000008003e50       0x1c /home/jonathan/x-tools/arm-unknown-eabi/lib/gcc/arm-unknown-eabi/4.7.2/../../../../arm-unknown-eabi/lib/libc.a(lib_a-memchr-stub.o)
                0x0000000008003e50                memchr
 .text          0x0000000008003e6c        0x4 /home/jonathan/x-tools/arm-unknown-eabi/lib/gcc/arm-unknown-eabi/4.7.2/../../../../arm-unknown-eabi/lib/libc.a(lib_a-mlock.o)
                0x0000000008003e6c                __malloc_lock
                0x0000000008003e6e                __malloc_unlock
 .text          0x0000000008003e70      0x7f0 /home/jonathan/x-tools/arm-unknown-eabi/lib/gcc/arm-unknown-eabi/4.7.2/../../../../arm-unknown-eabi/lib/libc.a(lib_a-mprec.o)
                0x0000000008003e70                _Balloc
                0x0000000008003ebe                _Bfree
                0x0000000008003ed0                __multadd
                0x0000000008003f48                __s2b
                0x0000000008003fc6                __hi0bits
                0x0000000008004004                __lo0bits
                0x000000000800405e                __i2b
                0x0000000008004070                __multiply
                0x0000000008004194                __pow5mult
                0x0000000008004218                __lshift
                0x00000000080042c0                __mcmp
                0x00000000080042fa                __mdiff
                0x00000000080043c0                __ulp
                0x0000000008004408                __b2d
                0x00000000080044b4                __d2b
                0x000000000800455a                __ratio
                0x00000000080045a8                _mprec_log10
                0x00000000080045e0                __copybits
                0x0000000008004614                __any_on
 .text          0x0000000008004660       0x74 /home/jonathan/x-tools/arm-unknown-eabi/lib/gcc/arm-unknown-eabi/4.7.2/../../../../arm-unknown-eabi/lib/libc.a(lib_a-s_frexp.o)
                0x0000000008004660                frexp
 .text          0x00000000080046d4       0x20 /home/jonathan/x-tools/arm-unknown-eabi/lib/gcc/arm-unknown-eabi/4.7.2/../../../../arm-unknown-eabi/lib/libc.a(lib_a-sbrkr.o)
                0x00000000080046d4                _sbrk_r
 .text          0x00000000080046f4       0x8e /home/jonathan/x-tools/arm-unknown-eabi/lib/gcc/arm-unknown-eabi/4.7.2/../../../../arm-unknown-eabi/lib/libc.a(lib_a-stdio.o)
                0x00000000080046f4                __sread
                0x0000000008004716                __seofread
                0x000000000800471a                __swrite
                0x0000000008004756                __sseek
                0x000000000800477a                __sclose
 .text          0x0000000008004782       0x14 /home/jonathan/x-tools/arm-unknown-eabi/lib/gcc/arm-unknown-eabi/4.7.2/../../../../arm-unknown-eabi/lib/libc.a(lib_a-strcmp.o)
                0x0000000008004782                strcmp
 .text          0x0000000008004796       0x2e /home/jonathan/x-tools/arm-unknown-eabi/lib/gcc/arm-unknown-eabi/4.7.2/../../../../arm-unknown-eabi/lib/libc.a(lib_a-strncpy.o)
                0x0000000008004796                strncpy
 .text          0x00000000080047c4      0xaec /home/jonathan/x-tools/arm-unknown-eabi/lib/gcc/arm-unknown-eabi/4.7.2/../../../../arm-unknown-eabi/lib/libc.a(lib_a-vfiprintf.o)
                0x00000000080047c4                __sprint_r
                0x0000000008004830                _vfiprintf_r
                0x0000000008005294                vfiprintf
 .text          0x00000000080052b0       0x24 /home/jonathan/x-tools/arm-unknown-eabi/lib/gcc/arm-unknown-eabi/4.7.2/../../../../arm-unknown-eabi/lib/libc.a(lib_a-writer.o)
                0x00000000080052b0                _write_r
 .text          0x00000000080052d4       0x5a /home/jonathan/x-tools/arm-unknown-eabi/lib/gcc/arm-unknown-eabi/4.7.2/../../../../arm-unknown-eabi/lib/libc.a(lib_a-callocr.o)
                0x00000000080052d4                _calloc_r
 *fill*         0x000000000800532e        0x2 00
 .text          0x0000000008005330       0x20 /home/jonathan/x-tools/arm-unknown-eabi/lib/gcc/arm-unknown-eabi/4.7.2/../../../../arm-unknown-eabi/lib/libc.a(lib_a-closer.o)
                0x0000000008005330                _close_r
 .text          0x0000000008005350       0x90 /home/jonathan/x-tools/arm-unknown-eabi/lib/gcc/arm-unknown-eabi/4.7.2/../../../../arm-unknown-eabi/lib/libc.a(lib_a-fclose.o)
                0x0000000008005350                _fclose_r
                0x00000000080053d2                fclose
 .text          0x00000000080053e0       0xe4 /home/jonathan/x-tools/arm-unknown-eabi/lib/gcc/arm-unknown-eabi/4.7.2/../../../../arm-unknown-eabi/lib/libc.a(lib_a-fputwc.o)
                0x00000000080053e0                _fputwc_r
                0x000000000800549c                fputwc
 .text          0x00000000080054c4       0x24 /home/jonathan/x-tools/arm-unknown-eabi/lib/gcc/arm-unknown-eabi/4.7.2/../../../../arm-unknown-eabi/lib/libc.a(lib_a-fstatr.o)
                0x00000000080054c4                _fstat_r
 .text          0x00000000080054e8      0x2a6 /home/jonathan/x-tools/arm-unknown-eabi/lib/gcc/arm-unknown-eabi/4.7.2/../../../../arm-unknown-eabi/lib/libc.a(lib_a-fvwrite.o)
                0x00000000080054e8                __sfvwrite_r
 *fill*         0x000000000800578e        0x2 00
 .text          0x0000000008005790       0x20 /home/jonathan/x-tools/arm-unknown-eabi/lib/gcc/arm-unknown-eabi/4.7.2/../../../../arm-unknown-eabi/lib/libc.a(lib_a-isattyr.o)
                0x0000000008005790                _isatty_r
 .text          0x00000000080057b0       0x24 /home/jonathan/x-tools/arm-unknown-eabi/lib/gcc/arm-unknown-eabi/4.7.2/../../../../arm-unknown-eabi/lib/libc.a(lib_a-lseekr.o)
                0x00000000080057b0                _lseek_r
 .text          0x00000000080057d4       0x32 /home/jonathan/x-tools/arm-unknown-eabi/lib/gcc/arm-unknown-eabi/4.7.2/../../../../arm-unknown-eabi/lib/libc.a(lib_a-memmove.o)
                0x00000000080057d4                memmove
 *fill*         0x0000000008005806        0x2 00
 .text          0x0000000008005808       0x24 /home/jonathan/x-tools/arm-unknown-eabi/lib/gcc/arm-unknown-eabi/4.7.2/../../../../arm-unknown-eabi/lib/libc.a(lib_a-readr.o)
                0x0000000008005808                _read_r
 .text          0x000000000800582c      0x2dc /home/jonathan/x-tools/arm-unknown-eabi/lib/gcc/arm-unknown-eabi/4.7.2/../../../../arm-unknown-eabi/lib/libc.a(lib_a-reallocr.o)
                0x000000000800582c                _realloc_r
 .text          0x0000000008005b08       0xac /home/jonathan/x-tools/arm-unknown-eabi/lib/gcc/arm-unknown-eabi/4.7.2/../../../../arm-unknown-eabi/lib/libc.a(lib_a-wbuf.o)
                0x0000000008005b08                __swbuf_r
                0x0000000008005ba2                __swbuf
 .text          0x0000000008005bb4       0x68 /home/jonathan/x-tools/arm-unknown-eabi/lib/gcc/arm-unknown-eabi/4.7.2/../../../../arm-unknown-eabi/lib/libc.a(lib_a-wcrtomb.o)
                0x0000000008005bb4                _wcrtomb_r
                0x0000000008005c00                wcrtomb
 .text          0x0000000008005c1c       0x44 /home/jonathan/x-tools/arm-unknown-eabi/lib/gcc/arm-unknown-eabi/4.7.2/../../../../arm-unknown-eabi/lib/libc.a(lib_a-wctomb_r.o)
                0x0000000008005c1c                __ascii_wctomb
                0x0000000008005c36                _wctomb_r
 .text          0x0000000008005c60      0x370 /home/jonathan/x-tools/arm-unknown-eabi/lib/gcc/arm-unknown-eabi/4.7.2/libgcc.a(_arm_addsubdf3.o)
                0x0000000008005c60                __aeabi_drsub
                0x0000000008005c68                __aeabi_dsub
                0x0000000008005c68                __subdf3
                0x0000000008005c6c                __adddf3
                0x0000000008005c6c                __aeabi_dadd
                0x0000000008005ee4                __aeabi_ui2d
                0x0000000008005ee4                __floatunsidf
                0x0000000008005f04                __floatsidf
                0x0000000008005f04                __aeabi_i2d
                0x0000000008005f28                __extendsfdf2
                0x0000000008005f28                __aeabi_f2d
                0x0000000008005f64                __aeabi_ul2d
                0x0000000008005f64                __floatundidf
                0x0000000008005f74                __floatdidf
                0x0000000008005f74                __aeabi_l2d
 .text          0x0000000008005fd0      0x424 /home/jonathan/x-tools/arm-unknown-eabi/lib/gcc/arm-unknown-eabi/4.7.2/libgcc.a(_arm_muldivdf3.o)
                0x0000000008005fd0                __aeabi_dmul
                0x0000000008005fd0                __muldf3
                0x0000000008006224                __aeabi_ddiv
                0x0000000008006224                __divdf3
 .text          0x00000000080063f4      0x110 /home/jonathan/x-tools/arm-unknown-eabi/lib/gcc/arm-unknown-eabi/4.7.2/libgcc.a(_arm_cmpdf2.o)
                0x00000000080063f4                __gtdf2
                0x00000000080063f4                __gedf2
                0x00000000080063fc                __ltdf2
                0x00000000080063fc                __ledf2
                0x0000000008006404                __cmpdf2
                0x0000000008006404                __eqdf2
                0x0000000008006404                __nedf2
                0x0000000008006480                __aeabi_cdrcmple
                0x0000000008006490                __aeabi_cdcmple
                0x0000000008006490                __aeabi_cdcmpeq
                0x00000000080064a0                __aeabi_dcmpeq
                0x00000000080064b4                __aeabi_dcmplt
                0x00000000080064c8                __aeabi_dcmple
                0x00000000080064dc                __aeabi_dcmpge
                0x00000000080064f0                __aeabi_dcmpgt
 .text          0x0000000008006504       0x50 /home/jonathan/x-tools/arm-unknown-eabi/lib/gcc/arm-unknown-eabi/4.7.2/libgcc.a(_arm_fixdfsi.o)
                0x0000000008006504                __fixdfsi
                0x0000000008006504                __aeabi_d2iz
 .text          0x0000000008006554       0xa0 /home/jonathan/x-tools/arm-unknown-eabi/lib/gcc/arm-unknown-eabi/4.7.2/libgcc.a(_arm_truncdfsf2.o)
                0x0000000008006554                __aeabi_d2f
                0x0000000008006554                __truncdfsf2
 .text          0x00000000080065f4       0x2c /home/jonathan/x-tools/arm-unknown-eabi/lib/gcc/arm-unknown-eabi/4.7.2/libgcc.a(_aeabi_uldivmod.o)
                0x00000000080065f4                __aeabi_uldivmod
 .text          0x0000000008006620       0x58 /home/jonathan/x-tools/arm-unknown-eabi/lib/gcc/arm-unknown-eabi/4.7.2/libgcc.a(bpabi.o)
                0x0000000008006620                __gnu_ldivmod_helper
                0x000000000800664c                __gnu_uldivmod_helper
 .text          0x0000000008006678        0x4 /home/jonathan/x-tools/arm-unknown-eabi/lib/gcc/arm-unknown-eabi/4.7.2/libgcc.a(_dvmd_tls.o)
                0x0000000008006678                __aeabi_ldiv0
                0x0000000008006678                __aeabi_idiv0
 .text          0x000000000800667c      0x2c8 /home/jonathan/x-tools/arm-unknown-eabi/lib/gcc/arm-unknown-eabi/4.7.2/libgcc.a(_divdi3.o)
                0x000000000800667c                __divdi3
 .text          0x0000000008006944      0x29c /home/jonathan/x-tools/arm-unknown-eabi/lib/gcc/arm-unknown-eabi/4.7.2/libgcc.a(_udivdi3.o)
                0x0000000008006944                __udivdi3
 .text          0x0000000008006be0      0x9fc /home/jonathan/x-tools/arm-unknown-eabi/lib/gcc/arm-unknown-eabi/4.7.2/libgcc.a(unwind-arm.o)
                0x0000000008006ea4                _Unwind_GetCFA
                0x0000000008006ea8                __gnu_Unwind_RaiseException
                0x0000000008006f08                __gnu_Unwind_ForcedUnwind
                0x0000000008006f20                __gnu_Unwind_Resume
                0x0000000008006f64                __gnu_Unwind_Resume_or_Rethrow
                0x0000000008006f7c                _Unwind_Complete
                0x0000000008006f80                _Unwind_DeleteException
                0x0000000008006f90                _Unwind_VRS_Get
                0x0000000008006fd8                _Unwind_VRS_Set
                0x00000000080072ec                __aeabi_unwind_cpp_pr2
                0x00000000080072f4                __aeabi_unwind_cpp_pr1
                0x00000000080072fc                __aeabi_unwind_cpp_pr0
                0x0000000008007304                __gnu_Unwind_Backtrace
                0x0000000008007374                _Unwind_VRS_Pop
 .text          0x00000000080075dc      0x1ac /home/jonathan/x-tools/arm-unknown-eabi/lib/gcc/arm-unknown-eabi/4.7.2/libgcc.a(libunwind.o)
                0x00000000080075dc                __restore_core_regs
                0x00000000080075dc                restore_core_regs
                0x00000000080075f4                __gnu_Unwind_Restore_VFP
                0x00000000080075fc                __gnu_Unwind_Save_VFP
                0x0000000008007604                __gnu_Unwind_Restore_VFP_D
                0x000000000800760c                __gnu_Unwind_Save_VFP_D
                0x0000000008007614                __gnu_Unwind_Restore_VFP_D_16_to_31
                0x000000000800761c                __gnu_Unwind_Save_VFP_D_16_to_31
                0x0000000008007624                __gnu_Unwind_Restore_WMMXD
                0x0000000008007668                __gnu_Unwind_Save_WMMXD
                0x00000000080076ac                __gnu_Unwind_Restore_WMMXC
                0x00000000080076c0                __gnu_Unwind_Save_WMMXC
                0x00000000080076d4                ___Unwind_RaiseException
                0x00000000080076d4                _Unwind_RaiseException
                0x00000000080076f8                ___Unwind_Resume
                0x00000000080076f8                _Unwind_Resume
                0x000000000800771c                _Unwind_Resume_or_Rethrow
                0x000000000800771c                ___Unwind_Resume_or_Rethrow
                0x0000000008007740                ___Unwind_ForcedUnwind
                0x0000000008007740                _Unwind_ForcedUnwind
                0x0000000008007764                _Unwind_Backtrace
                0x0000000008007764                ___Unwind_Backtrace
 .text          0x0000000008007788      0x3a0 /home/jonathan/x-tools/arm-unknown-eabi/lib/gcc/arm-unknown-eabi/4.7.2/libgcc.a(pr-support.o)
                0x00000000080077d4                __gnu_unwind_execute
                0x0000000008007ad0                __gnu_unwind_frame
                0x0000000008007af8                _Unwind_GetRegionStart
                0x0000000008007b04                _Unwind_GetLanguageSpecificData
                0x0000000008007b18                _Unwind_GetDataRelBase
                0x0000000008007b20                _Unwind_GetTextRelBase
 *(.text*)
 .text.RCC_HSEConfig
                0x0000000008007b28       0x30 obj/Libraries/STM32F30x_StdPeriph_Driver/src/stm32f30x_rcc.o
                0x0000000008007b28                RCC_HSEConfig
 .text.RCC_WaitForHSEStartUp
                0x0000000008007b58       0x64 obj/Libraries/STM32F30x_StdPeriph_Driver/src/stm32f30x_rcc.o
                0x0000000008007b58                RCC_WaitForHSEStartUp
 .text.RCC_PLLCmd
                0x0000000008007bbc       0x20 obj/Libraries/STM32F30x_StdPeriph_Driver/src/stm32f30x_rcc.o
                0x0000000008007bbc                RCC_PLLCmd
 .text.RCC_SYSCLKConfig
                0x0000000008007bdc       0x40 obj/Libraries/STM32F30x_StdPeriph_Driver/src/stm32f30x_rcc.o
                0x0000000008007bdc                RCC_SYSCLKConfig
 .text.RCC_GetSYSCLKSource
                0x0000000008007c1c       0x20 obj/Libraries/STM32F30x_StdPeriph_Driver/src/stm32f30x_rcc.o
                0x0000000008007c1c                RCC_GetSYSCLKSource
 .text.RCC_GetClocksFreq
                0x0000000008007c3c      0x550 obj/Libraries/STM32F30x_StdPeriph_Driver/src/stm32f30x_rcc.o
                0x0000000008007c3c                RCC_GetClocksFreq
 .text.RCC_AHBPeriphClockCmd
                0x000000000800818c       0x54 obj/Libraries/STM32F30x_StdPeriph_Driver/src/stm32f30x_rcc.o
                0x000000000800818c                RCC_AHBPeriphClockCmd
 .text.RCC_APB2PeriphClockCmd
                0x00000000080081e0       0x54 obj/Libraries/STM32F30x_StdPeriph_Driver/src/stm32f30x_rcc.o
                0x00000000080081e0                RCC_APB2PeriphClockCmd
 .text.RCC_APB1PeriphClockCmd
                0x0000000008008234       0x54 obj/Libraries/STM32F30x_StdPeriph_Driver/src/stm32f30x_rcc.o
                0x0000000008008234                RCC_APB1PeriphClockCmd
 .text.RCC_APB2PeriphResetCmd
                0x0000000008008288       0x54 obj/Libraries/STM32F30x_StdPeriph_Driver/src/stm32f30x_rcc.o
                0x0000000008008288                RCC_APB2PeriphResetCmd
 .text.RCC_APB1PeriphResetCmd
                0x00000000080082dc       0x54 obj/Libraries/STM32F30x_StdPeriph_Driver/src/stm32f30x_rcc.o
                0x00000000080082dc                RCC_APB1PeriphResetCmd
 .text.RCC_GetFlagStatus
                0x0000000008008330       0xa4 obj/Libraries/STM32F30x_StdPeriph_Driver/src/stm32f30x_rcc.o
                0x0000000008008330                RCC_GetFlagStatus
 .text.SPI_I2S_DeInit
                0x00000000080083d4       0x88 obj/Libraries/STM32F30x_StdPeriph_Driver/src/stm32f30x_spi.o
                0x00000000080083d4                SPI_I2S_DeInit
 .text.SPI_Init
                0x000000000800845c      0x118 obj/Libraries/STM32F30x_StdPeriph_Driver/src/stm32f30x_spi.o
                0x000000000800845c                SPI_Init
 .text.SPI_Cmd  0x0000000008008574       0x40 obj/Libraries/STM32F30x_StdPeriph_Driver/src/stm32f30x_spi.o
                0x0000000008008574                SPI_Cmd
 .text.SPI_RxFIFOThresholdConfig
                0x00000000080085b4       0x38 obj/Libraries/STM32F30x_StdPeriph_Driver/src/stm32f30x_spi.o
                0x00000000080085b4                SPI_RxFIFOThresholdConfig
 .text.SPI_SendData8
                0x00000000080085ec       0x30 obj/Libraries/STM32F30x_StdPeriph_Driver/src/stm32f30x_spi.o
                0x00000000080085ec                SPI_SendData8
 .text.SPI_ReceiveData8
                0x000000000800861c       0x2c obj/Libraries/STM32F30x_StdPeriph_Driver/src/stm32f30x_spi.o
                0x000000000800861c                SPI_ReceiveData8
 .text.SPI_I2S_GetFlagStatus
                0x0000000008008648       0x40 obj/Libraries/STM32F30x_StdPeriph_Driver/src/stm32f30x_spi.o
                0x0000000008008648                SPI_I2S_GetFlagStatus
 .text.EXTI_Init
                0x0000000008008688      0x288 obj/Libraries/STM32F30x_StdPeriph_Driver/src/stm32f30x_exti.o
                0x0000000008008688                EXTI_Init
 .text.EXTI_GetITStatus
                0x0000000008008910       0x88 obj/Libraries/STM32F30x_StdPeriph_Driver/src/stm32f30x_exti.o
                0x0000000008008910                EXTI_GetITStatus
 .text.EXTI_ClearITPendingBit
                0x0000000008008998       0x38 obj/Libraries/STM32F30x_StdPeriph_Driver/src/stm32f30x_exti.o
                0x0000000008008998                EXTI_ClearITPendingBit
 .text.I2C_Init
                0x00000000080089d0       0xd0 obj/Libraries/STM32F30x_StdPeriph_Driver/src/stm32f30x_i2c.o
                0x00000000080089d0                I2C_Init
 .text.I2C_Cmd  0x0000000008008aa0       0x38 obj/Libraries/STM32F30x_StdPeriph_Driver/src/stm32f30x_i2c.o
                0x0000000008008aa0                I2C_Cmd
 .text.I2C_TransferHandling
                0x0000000008008ad8       0x60 obj/Libraries/STM32F30x_StdPeriph_Driver/src/stm32f30x_i2c.o
                0x0000000008008ad8                I2C_TransferHandling
 .text.I2C_SendData
                0x0000000008008b38       0x1c obj/Libraries/STM32F30x_StdPeriph_Driver/src/stm32f30x_i2c.o
                0x0000000008008b38                I2C_SendData
 .text.I2C_ReceiveData
                0x0000000008008b54       0x1c obj/Libraries/STM32F30x_StdPeriph_Driver/src/stm32f30x_i2c.o
                0x0000000008008b54                I2C_ReceiveData
 .text.I2C_GetFlagStatus
                0x0000000008008b70       0x48 obj/Libraries/STM32F30x_StdPeriph_Driver/src/stm32f30x_i2c.o
                0x0000000008008b70                I2C_GetFlagStatus
 .text.I2C_ClearFlag
                0x0000000008008bb8       0x1c obj/Libraries/STM32F30x_StdPeriph_Driver/src/stm32f30x_i2c.o
                0x0000000008008bb8                I2C_ClearFlag
 .text.SYSCFG_EXTILineConfig
                0x0000000008008bd4       0xb0 obj/Libraries/STM32F30x_StdPeriph_Driver/src/stm32f30x_syscfg.o
                0x0000000008008bd4                SYSCFG_EXTILineConfig
 .text.USART_Init
                0x0000000008008c84      0x190 obj/Libraries/STM32F30x_StdPeriph_Driver/src/stm32f30x_usart.o
                0x0000000008008c84                USART_Init
 .text.USART_StructInit
                0x0000000008008e14       0x44 obj/Libraries/STM32F30x_StdPeriph_Driver/src/stm32f30x_usart.o
                0x0000000008008e14                USART_StructInit
 .text.USART_Cmd
                0x0000000008008e58       0x38 obj/Libraries/STM32F30x_StdPeriph_Driver/src/stm32f30x_usart.o
                0x0000000008008e58                USART_Cmd
 .text.USART_SendData
                0x0000000008008e90       0x28 obj/Libraries/STM32F30x_StdPeriph_Driver/src/stm32f30x_usart.o
                0x0000000008008e90                USART_SendData
 .text.USART_ReceiveData
                0x0000000008008eb8       0x24 obj/Libraries/STM32F30x_StdPeriph_Driver/src/stm32f30x_usart.o
                0x0000000008008eb8                USART_ReceiveData
 .text.USART_ITConfig
                0x0000000008008edc       0x94 obj/Libraries/STM32F30x_StdPeriph_Driver/src/stm32f30x_usart.o
                0x0000000008008edc                USART_ITConfig
 .text.USART_GetFlagStatus
                0x0000000008008f70       0x38 obj/Libraries/STM32F30x_StdPeriph_Driver/src/stm32f30x_usart.o
                0x0000000008008f70                USART_GetFlagStatus
 .text.USART_GetITStatus
                0x0000000008008fa8       0xb4 obj/Libraries/STM32F30x_StdPeriph_Driver/src/stm32f30x_usart.o
                0x0000000008008fa8                USART_GetITStatus
 .text.GPIO_Init
                0x000000000800905c      0x150 obj/Libraries/STM32F30x_StdPeriph_Driver/src/stm32f30x_gpio.o
                0x000000000800905c                GPIO_Init
 .text.GPIO_ReadInputDataBit
                0x00000000080091ac       0x40 obj/Libraries/STM32F30x_StdPeriph_Driver/src/stm32f30x_gpio.o
                0x00000000080091ac                GPIO_ReadInputDataBit
 .text.GPIO_SetBits
                0x00000000080091ec       0x1c obj/Libraries/STM32F30x_StdPeriph_Driver/src/stm32f30x_gpio.o
                0x00000000080091ec                GPIO_SetBits
 .text.GPIO_ResetBits
                0x0000000008009208       0x1c obj/Libraries/STM32F30x_StdPeriph_Driver/src/stm32f30x_gpio.o
                0x0000000008009208                GPIO_ResetBits
 .text.GPIO_PinAFConfig
                0x0000000008009224       0xa8 obj/Libraries/STM32F30x_StdPeriph_Driver/src/stm32f30x_gpio.o
                0x0000000008009224                GPIO_PinAFConfig
 .text.UserToPMABufferCopy
                0x00000000080092cc       0x88 obj/Libraries/STM32_USB-FS-Device_Driver/src/usb_mem.o
                0x00000000080092cc                UserToPMABufferCopy
 .text.PMAToUserBufferCopy
                0x0000000008009354       0x6c obj/Libraries/STM32_USB-FS-Device_Driver/src/usb_mem.o
                0x0000000008009354                PMAToUserBufferCopy
 .text.USB_SIL_Init
                0x00000000080093c0       0x40 obj/Libraries/STM32_USB-FS-Device_Driver/src/usb_sil.o
                0x00000000080093c0                USB_SIL_Init
 .text.Standard_GetConfiguration
                0x0000000008009400       0x4c obj/Libraries/STM32_USB-FS-Device_Driver/src/usb_core.o
                0x0000000008009400                Standard_GetConfiguration
 .text.Standard_SetConfiguration
                0x000000000800944c       0x74 obj/Libraries/STM32_USB-FS-Device_Driver/src/usb_core.o
                0x000000000800944c                Standard_SetConfiguration
 .text.Standard_GetInterface
                0x00000000080094c0       0x4c obj/Libraries/STM32_USB-FS-Device_Driver/src/usb_core.o
                0x00000000080094c0                Standard_GetInterface
 .text.Standard_SetInterface
                0x000000000800950c       0xc8 obj/Libraries/STM32_USB-FS-Device_Driver/src/usb_core.o
                0x000000000800950c                Standard_SetInterface
 .text.Standard_GetStatus
                0x00000000080095d4      0x1bc obj/Libraries/STM32_USB-FS-Device_Driver/src/usb_core.o
                0x00000000080095d4                Standard_GetStatus
 .text.Standard_ClearFeature
                0x0000000008009790      0x230 obj/Libraries/STM32_USB-FS-Device_Driver/src/usb_core.o
                0x0000000008009790                Standard_ClearFeature
 .text.Standard_SetEndPointFeature
                0x00000000080099c0      0x148 obj/Libraries/STM32_USB-FS-Device_Driver/src/usb_core.o
                0x00000000080099c0                Standard_SetEndPointFeature
 .text.Standard_SetDeviceFeature
                0x0000000008009b08       0x38 obj/Libraries/STM32_USB-FS-Device_Driver/src/usb_core.o
                0x0000000008009b08                Standard_SetDeviceFeature
 .text.Standard_GetDescriptorData
                0x0000000008009b40       0x54 obj/Libraries/STM32_USB-FS-Device_Driver/src/usb_core.o
                0x0000000008009b40                Standard_GetDescriptorData
 .text.DataStageOut
                0x0000000008009b94      0x13c obj/Libraries/STM32_USB-FS-Device_Driver/src/usb_core.o
 .text.DataStageIn
                0x0000000008009cd0      0x150 obj/Libraries/STM32_USB-FS-Device_Driver/src/usb_core.o
 .text.NoData_Setup0
                0x0000000008009e20      0x208 obj/Libraries/STM32_USB-FS-Device_Driver/src/usb_core.o
 .text.Data_Setup0
                0x000000000800a028      0x488 obj/Libraries/STM32_USB-FS-Device_Driver/src/usb_core.o
 .text.Setup0_Process
                0x000000000800a4b0      0x120 obj/Libraries/STM32_USB-FS-Device_Driver/src/usb_core.o
                0x000000000800a4b0                Setup0_Process
 .text.In0_Process
                0x000000000800a5d0       0xbc obj/Libraries/STM32_USB-FS-Device_Driver/src/usb_core.o
                0x000000000800a5d0                In0_Process
 .text.Out0_Process
                0x000000000800a68c       0x8c obj/Libraries/STM32_USB-FS-Device_Driver/src/usb_core.o
                0x000000000800a68c                Out0_Process
 .text.Post0_Process
                0x000000000800a718       0x60 obj/Libraries/STM32_USB-FS-Device_Driver/src/usb_core.o
                0x000000000800a718                Post0_Process
 .text.SetDeviceAddress
                0x000000000800a778       0x88 obj/Libraries/STM32_USB-FS-Device_Driver/src/usb_core.o
                0x000000000800a778                SetDeviceAddress
 .text.NOP_Process
                0x000000000800a800        0xc obj/Libraries/STM32_USB-FS-Device_Driver/src/usb_core.o
                0x000000000800a800                NOP_Process
 .text.SetBTABLE
                0x000000000800a80c       0x28 obj/Libraries/STM32_USB-FS-Device_Driver/src/usb_regs.o
                0x000000000800a80c                SetBTABLE
 .text.SetEPType
                0x000000000800a834       0x4c obj/Libraries/STM32_USB-FS-Device_Driver/src/usb_regs.o
                0x000000000800a834                SetEPType
 .text.SetEPTxStatus
                0x000000000800a880       0x74 obj/Libraries/STM32_USB-FS-Device_Driver/src/usb_regs.o
                0x000000000800a880                SetEPTxStatus
 .text.SetEPRxStatus
                0x000000000800a8f4       0x74 obj/Libraries/STM32_USB-FS-Device_Driver/src/usb_regs.o
                0x000000000800a8f4                SetEPRxStatus
 .text.SetEPRxValid
                0x000000000800a968       0x58 obj/Libraries/STM32_USB-FS-Device_Driver/src/usb_regs.o
                0x000000000800a968                SetEPRxValid
 .text.Clear_Status_Out
                0x000000000800a9c0       0x58 obj/Libraries/STM32_USB-FS-Device_Driver/src/usb_regs.o
                0x000000000800a9c0                Clear_Status_Out
 .text.ClearDTOG_RX
                0x000000000800aa18       0x60 obj/Libraries/STM32_USB-FS-Device_Driver/src/usb_regs.o
                0x000000000800aa18                ClearDTOG_RX
 .text.ClearDTOG_TX
                0x000000000800aa78       0x60 obj/Libraries/STM32_USB-FS-Device_Driver/src/usb_regs.o
                0x000000000800aa78                ClearDTOG_TX
 .text.SetEPTxAddr
                0x000000000800aad8       0x48 obj/Libraries/STM32_USB-FS-Device_Driver/src/usb_regs.o
                0x000000000800aad8                SetEPTxAddr
 .text.SetEPRxAddr
                0x000000000800ab20       0x4c obj/Libraries/STM32_USB-FS-Device_Driver/src/usb_regs.o
                0x000000000800ab20                SetEPRxAddr
 .text.GetEPTxAddr
                0x000000000800ab6c       0x3c obj/Libraries/STM32_USB-FS-Device_Driver/src/usb_regs.o
                0x000000000800ab6c                GetEPTxAddr
 .text.GetEPRxAddr
                0x000000000800aba8       0x40 obj/Libraries/STM32_USB-FS-Device_Driver/src/usb_regs.o
                0x000000000800aba8                GetEPRxAddr
 .text.SetEPTxCount
                0x000000000800abe8       0x40 obj/Libraries/STM32_USB-FS-Device_Driver/src/usb_regs.o
                0x000000000800abe8                SetEPTxCount
 .text.SetEPRxCount
                0x000000000800ac28       0x98 obj/Libraries/STM32_USB-FS-Device_Driver/src/usb_regs.o
                0x000000000800ac28                SetEPRxCount
 .text.ByteSwap
                0x000000000800acc0       0x34 obj/Libraries/STM32_USB-FS-Device_Driver/src/usb_regs.o
                0x000000000800acc0                ByteSwap
 .text.CTR_LP   0x000000000800acf4      0x428 obj/Libraries/STM32_USB-FS-Device_Driver/src/usb_int.o
                0x000000000800acf4                CTR_LP
 .text.Gyro_Init
                0x000000000800b11c       0x60 obj/src/gyro.o
                0x000000000800b11c                Gyro_Init
 .text.Gyro_ReadAngRate
                0x000000000800b17c      0x144 obj/src/gyro.o
                0x000000000800b17c                Gyro_ReadAngRate
 .text.Gyro_AvgAngRate
                0x000000000800b2c0       0x80 obj/src/gyro.o
                0x000000000800b2c0                Gyro_AvgAngRate
 .text.Gyro_AddAvgAngRate
                0x000000000800b340       0x28 obj/src/gyro.o
                0x000000000800b340                Gyro_AddAvgAngRate
 .text.Enter_LowPowerMode
                0x000000000800b368       0x1c obj/src/hw_config.o
                0x000000000800b368                Enter_LowPowerMode
 .text.Leave_LowPowerMode
                0x000000000800b384       0x94 obj/src/hw_config.o
                0x000000000800b384                Leave_LowPowerMode
 .text.USB_Cable_Config
                0x000000000800b418       0x3c obj/src/hw_config.o
                0x000000000800b418                USB_Cable_Config
 .text.Get_SerialNum
                0x000000000800b454       0x60 obj/src/hw_config.o
                0x000000000800b454                Get_SerialNum
 .text.IntToUnicode
                0x000000000800b4b4       0x94 obj/src/hw_config.o
 .text.L3GD20_Init
                0x000000000800b548       0x84 obj/src/stm32f3_discovery_l3gd20.o
                0x000000000800b548                L3GD20_Init
 .text.L3GD20_FilterConfig
                0x000000000800b5cc       0x54 obj/src/stm32f3_discovery_l3gd20.o
                0x000000000800b5cc                L3GD20_FilterConfig
 .text.L3GD20_FilterCmd
                0x000000000800b620       0x4c obj/src/stm32f3_discovery_l3gd20.o
                0x000000000800b620                L3GD20_FilterCmd
 .text.L3GD20_Write
                0x000000000800b66c       0x70 obj/src/stm32f3_discovery_l3gd20.o
                0x000000000800b66c                L3GD20_Write
 .text.L3GD20_Read
                0x000000000800b6dc       0x80 obj/src/stm32f3_discovery_l3gd20.o
                0x000000000800b6dc                L3GD20_Read
 .text.L3GD20_LowLevel_Init
                0x000000000800b75c      0x1c4 obj/src/stm32f3_discovery_l3gd20.o
 .text.L3GD20_SendByte
                0x000000000800b920       0xe0 obj/src/stm32f3_discovery_l3gd20.o
 .text.L3GD20_TIMEOUT_UserCallback
                0x000000000800ba00        0x8 obj/src/stm32f3_discovery_l3gd20.o
                0x000000000800ba00                L3GD20_TIMEOUT_UserCallback
 .text.ringAdd  0x000000000800ba08       0x80 obj/src/ring_avg.o
                0x000000000800ba08                ringAdd
 .text.STM_EVAL_LEDInit
                0x000000000800ba88       0x6c obj/src/stm32f3_discovery.o
                0x000000000800ba88                STM_EVAL_LEDInit
 .text.STM_EVAL_LEDOff
                0x000000000800baf4       0x34 obj/src/stm32f3_discovery.o
                0x000000000800baf4                STM_EVAL_LEDOff
 .text.STM_EVAL_PBGetState
                0x000000000800bb28       0x3c obj/src/stm32f3_discovery.o
                0x000000000800bb28                STM_EVAL_PBGetState
 .text.Compass_Init
                0x000000000800bb64       0x84 obj/src/compass.o
                0x000000000800bb64                Compass_Init
 .text.Compass_ReadAcc
                0x000000000800bbe8      0x174 obj/src/compass.o
                0x000000000800bbe8                Compass_ReadAcc
 .text.Compass_ReadMag
                0x000000000800bd5c      0x148 obj/src/compass.o
                0x000000000800bd5c                Compass_ReadMag
 .text.Compass_AvgAcc
                0x000000000800bea4       0xa0 obj/src/compass.o
                0x000000000800bea4                Compass_AvgAcc
 .text.Compass_AddAvgAcc
                0x000000000800bf44       0x28 obj/src/compass.o
                0x000000000800bf44                Compass_AddAvgAcc
 .text.Compass_AvgMag
                0x000000000800bf6c      0x128 obj/src/compass.o
                0x000000000800bf6c                Compass_AvgMag
 .text.Compass_AddAvgMag
                0x000000000800c094       0x30 obj/src/compass.o
                0x000000000800c094                Compass_AddAvgMag
 *fill*         0x000000000800c0c4        0x4 00
 .text.Compass_GetHeading
                0x000000000800c0c8      0x6c0 obj/src/compass.o
                0x000000000800c0c8                Compass_GetHeading
 .text._exit    0x000000000800c788       0x18 obj/src/newlib.o
                0x000000000800c788                _exit
 .text._close   0x000000000800c7a0       0x24 obj/src/newlib.o
                0x000000000800c7a0                _close
 .text._write   0x000000000800c7c4       0x44 obj/src/newlib.o
                0x000000000800c7c4                _write
 .text._read    0x000000000800c808       0x5c obj/src/newlib.o
                0x000000000800c808                _read
 .text._isatty  0x000000000800c864       0x24 obj/src/newlib.o
                0x000000000800c864                _isatty
 .text._sbrk    0x000000000800c888       0x80 obj/src/newlib.o
                0x000000000800c888                _sbrk
 .text._kill    0x000000000800c908       0x4c obj/src/newlib.o
                0x000000000800c908                _kill
 .text._getpid  0x000000000800c954       0x10 obj/src/newlib.o
                0x000000000800c954                _getpid
 .text._fstat   0x000000000800c964       0x24 obj/src/newlib.o
                0x000000000800c964                _fstat
 .text._lseek   0x000000000800c988       0x1c obj/src/newlib.o
                0x000000000800c988                _lseek
 .text.LSM303DLHC_AccInit
                0x000000000800c9a4       0x84 obj/src/stm32f3_discovery_lsm303dlhc.o
                0x000000000800c9a4                LSM303DLHC_AccInit
 .text.LSM303DLHC_AccFilterConfig
                0x000000000800ca28       0x68 obj/src/stm32f3_discovery_lsm303dlhc.o
                0x000000000800ca28                LSM303DLHC_AccFilterConfig
 .text.LSM303DLHC_MagInit
                0x000000000800ca90       0x88 obj/src/stm32f3_discovery_lsm303dlhc.o
                0x000000000800ca90                LSM303DLHC_MagInit
 .text.LSM303DLHC_Write
                0x000000000800cb18      0x240 obj/src/stm32f3_discovery_lsm303dlhc.o
                0x000000000800cb18                LSM303DLHC_Write
 .text.LSM303DLHC_Read
                0x000000000800cd58      0x26c obj/src/stm32f3_discovery_lsm303dlhc.o
                0x000000000800cd58                LSM303DLHC_Read
 .text.LSM303DLHC_LowLevel_Init
                0x000000000800cfc4      0x1d0 obj/src/stm32f3_discovery_lsm303dlhc.o
 .text.LSM303DLHC_TIMEOUT_UserCallback
                0x000000000800d194        0x8 obj/src/stm32f3_discovery_lsm303dlhc.o
                0x000000000800d194                LSM303DLHC_TIMEOUT_UserCallback
 .text.NVIC_SetPriority
                0x000000000800d19c       0x5c obj/src/main.o
 .text.SysTick_Config
                0x000000000800d1f8       0x64 obj/src/main.o
 .text.main     0x000000000800d25c      0x218 obj/src/main.o
                0x000000000800d25c                main
 .text.NMI_Handler
                0x000000000800d474        0xc obj/src/stm32f30x_it.o
                0x000000000800d474                NMI_Handler
 .text.HardFault_Handler
                0x000000000800d480       0x14 obj/src/stm32f30x_it.o
                0x000000000800d480                HardFault_Handler
 .text.MemManage_Handler
                0x000000000800d494       0x14 obj/src/stm32f30x_it.o
                0x000000000800d494                MemManage_Handler
 .text.BusFault_Handler
                0x000000000800d4a8       0x14 obj/src/stm32f30x_it.o
                0x000000000800d4a8                BusFault_Handler
 .text.UsageFault_Handler
                0x000000000800d4bc       0x14 obj/src/stm32f30x_it.o
                0x000000000800d4bc                UsageFault_Handler
 .text.SVC_Handler
                0x000000000800d4d0        0xc obj/src/stm32f30x_it.o
                0x000000000800d4d0                SVC_Handler
 .text.DebugMon_Handler
                0x000000000800d4dc        0xc obj/src/stm32f30x_it.o
                0x000000000800d4dc                DebugMon_Handler
 .text.PendSV_Handler
                0x000000000800d4e8        0xc obj/src/stm32f30x_it.o
                0x000000000800d4e8                PendSV_Handler
 .text.SysTick_Handler
                0x000000000800d4f4       0x40 obj/src/stm32f30x_it.o
                0x000000000800d4f4                SysTick_Handler
 .text.EXTI0_IRQHandler
                0x000000000800d534       0x48 obj/src/stm32f30x_it.o
                0x000000000800d534                EXTI0_IRQHandler
 .text.USB_LP_CAN1_RX0_IRQHandler
                0x000000000800d57c        0xc obj/src/stm32f30x_it.o
                0x000000000800d57c                USB_LP_CAN1_RX0_IRQHandler
 .text.USBWakeUp_IRQHandler
                0x000000000800d588       0x18 obj/src/stm32f30x_it.o
                0x000000000800d588                USBWakeUp_IRQHandler
 .text.TimingDelay_Decrement
                0x000000000800d5a0       0x30 obj/src/stm32f30x_it.o
                0x000000000800d5a0                TimingDelay_Decrement
 .text.USB_Istr
                0x000000000800d5d0      0x1ac obj/src/usb_istr.o
                0x000000000800d5d0                USB_Istr
 .text.SystemInit
                0x000000000800d77c       0xec obj/src/system_stm32f30x.o
                0x000000000800d77c                SystemInit
 .text.SetSysClock
                0x000000000800d868      0x1d8 obj/src/system_stm32f30x.o
 .text.PowerOn  0x000000000800da40       0x80 obj/src/usb_pwr.o
                0x000000000800da40                PowerOn
 .text.Suspend  0x000000000800dac0       0x54 obj/src/usb_pwr.o
                0x000000000800dac0                Suspend
 .text.Resume_Init
                0x000000000800db14       0x40 obj/src/usb_pwr.o
                0x000000000800db14                Resume_Init
 .text.Resume   0x000000000800db54      0x188 obj/src/usb_pwr.o
                0x000000000800db54                Resume
 .text.Joystick_init
                0x000000000800dcdc       0x30 obj/src/usb_prop.o
                0x000000000800dcdc                Joystick_init
 .text.Joystick_Reset
                0x000000000800dd0c       0xec obj/src/usb_prop.o
                0x000000000800dd0c                Joystick_Reset
 .text.Joystick_Status_In
                0x000000000800ddf8        0xc obj/src/usb_prop.o
                0x000000000800ddf8                Joystick_Status_In
 .text.Joystick_Status_Out
                0x000000000800de04        0xc obj/src/usb_prop.o
                0x000000000800de04                Joystick_Status_Out
 .text.Joystick_Data_Setup
                0x000000000800de10       0xdc obj/src/usb_prop.o
                0x000000000800de10                Joystick_Data_Setup
 .text.Joystick_NoData_Setup
                0x000000000800deec       0x3c obj/src/usb_prop.o
                0x000000000800deec                Joystick_NoData_Setup
 .text.Joystick_GetDeviceDescriptor
                0x000000000800df28       0x28 obj/src/usb_prop.o
                0x000000000800df28                Joystick_GetDeviceDescriptor
 .text.Joystick_GetConfigDescriptor
                0x000000000800df50       0x28 obj/src/usb_prop.o
                0x000000000800df50                Joystick_GetConfigDescriptor
 .text.Joystick_GetStringDescriptor
                0x000000000800df78       0x4c obj/src/usb_prop.o
                0x000000000800df78                Joystick_GetStringDescriptor
 .text.Joystick_GetReportDescriptor
                0x000000000800dfc4       0x28 obj/src/usb_prop.o
                0x000000000800dfc4                Joystick_GetReportDescriptor
 .text.Joystick_GetHIDDescriptor
                0x000000000800dfec       0x28 obj/src/usb_prop.o
                0x000000000800dfec                Joystick_GetHIDDescriptor
 .text.Joystick_Get_Interface_Setting
                0x000000000800e014       0x38 obj/src/usb_prop.o
                0x000000000800e014                Joystick_Get_Interface_Setting
 .text.Joystick_SetProtocol
                0x000000000800e04c       0x30 obj/src/usb_prop.o
                0x000000000800e04c                Joystick_SetProtocol
 .text.Joystick_GetProtocolValue
                0x000000000800e07c       0x3c obj/src/usb_prop.o
                0x000000000800e07c                Joystick_GetProtocolValue
 .text.EP1_IN_Callback
                0x000000000800e0b8       0x18 obj/src/usb_endp.o
                0x000000000800e0b8                EP1_IN_Callback
 .text.NVIC_EnableIRQ
                0x000000000800e0d0       0x38 obj/src/usart.o
 .text.USART1_Init
                0x000000000800e108       0xb8 obj/src/usart.o
                0x000000000800e108                USART1_Init
 .text.USART1_IRQHandler
                0x000000000800e1c0       0x84 obj/src/usart.o
                0x000000000800e1c0                USART1_IRQHandler
 .text.USART1_write
                0x000000000800e244       0xd0 obj/src/usart.o
                0x000000000800e244                USART1_write
 .text.USART1_directputc
                0x000000000800e314       0x3c obj/src/usart.o
                0x000000000800e314                USART1_directputc
 .text.USART1_directprint
                0x000000000800e350       0x40 obj/src/usart.o
                0x000000000800e350                USART1_directprint
 .text.USART1_getc
                0x000000000800e390       0x18 obj/src/usart.o
                0x000000000800e390                USART1_getc
 .text.Reset_Handler
                0x000000000800e3a8       0x50 obj/src/startup_stm32f30x.o
                0x000000000800e3a8                Reset_Handler
 .text.Default_Handler
                0x000000000800e3f8        0x4 obj/src/startup_stm32f30x.o
                0x000000000800e3f8                RTC_Alarm_IRQHandler
                0x000000000800e3f8                TIM8_TRG_COM_IRQHandler
                0x000000000800e3f8                TIM8_CC_IRQHandler
                0x000000000800e3f8                TIM1_CC_IRQHandler
                0x000000000800e3f8                USB_HP_IRQHandler
                0x000000000800e3f8                PVD_IRQHandler
                0x000000000800e3f8                EXTI3_IRQHandler
                0x000000000800e3f8                I2C2_EV_IRQHandler
                0x000000000800e3f8                FPU_IRQHandler
                0x000000000800e3f8                EXTI2_TS_IRQHandler
                0x000000000800e3f8                TIM1_UP_TIM16_IRQHandler
                0x000000000800e3f8                ADC1_2_IRQHandler
                0x000000000800e3f8                SPI1_IRQHandler
                0x000000000800e3f8                TIM6_DAC_IRQHandler
                0x000000000800e3f8                TIM8_UP_IRQHandler
                0x000000000800e3f8                DMA2_Channel2_IRQHandler
                0x000000000800e3f8                DMA1_Channel4_IRQHandler
                0x000000000800e3f8                USART3_IRQHandler
                0x000000000800e3f8                DMA1_Channel7_IRQHandler
                0x000000000800e3f8                CAN1_RX1_IRQHandler
                0x000000000800e3f8                UART5_IRQHandler
                0x000000000800e3f8                ADC3_IRQHandler
                0x000000000800e3f8                TIM4_IRQHandler
                0x000000000800e3f8                DMA2_Channel1_IRQHandler
                0x000000000800e3f8                I2C1_EV_IRQHandler
                0x000000000800e3f8                DMA1_Channel6_IRQHandler
                0x000000000800e3f8                UART4_IRQHandler
                0x000000000800e3f8                DMA2_Channel4_IRQHandler
                0x000000000800e3f8                TIM3_IRQHandler
                0x000000000800e3f8                RCC_IRQHandler
                0x000000000800e3f8                DMA1_Channel1_IRQHandler
                0x000000000800e3f8                Default_Handler
                0x000000000800e3f8                USBWakeUp_RMP_IRQHandler
                0x000000000800e3f8                EXTI15_10_IRQHandler
                0x000000000800e3f8                TIM7_IRQHandler
                0x000000000800e3f8                EXTI9_5_IRQHandler
                0x000000000800e3f8                TAMPER_STAMP_IRQHandler
                0x000000000800e3f8                RTC_WKUP_IRQHandler
                0x000000000800e3f8                SPI2_IRQHandler
                0x000000000800e3f8                DMA2_Channel5_IRQHandler
                0x000000000800e3f8                DMA1_Channel5_IRQHandler
                0x000000000800e3f8                USB_LP_IRQHandler
                0x000000000800e3f8                EXTI4_IRQHandler
                0x000000000800e3f8                TIM1_TRG_COM_TIM17_IRQHandler
                0x000000000800e3f8                USB_HP_CAN1_TX_IRQHandler
                0x000000000800e3f8                DMA1_Channel3_IRQHandler
                0x000000000800e3f8                ADC4_IRQHandler
                0x000000000800e3f8                WWDG_IRQHandler
                0x000000000800e3f8                TIM2_IRQHandler
                0x000000000800e3f8                COMP7_IRQHandler
                0x000000000800e3f8                COMP1_2_3_IRQHandler
                0x000000000800e3f8                EXTI1_IRQHandler
                0x000000000800e3f8                USART2_IRQHandler
                0x000000000800e3f8                COMP4_5_6_IRQHandler
                0x000000000800e3f8                I2C2_ER_IRQHandler
                0x000000000800e3f8                DMA1_Channel2_IRQHandler
                0x000000000800e3f8                TIM8_BRK_IRQHandler
                0x000000000800e3f8                CAN1_SCE_IRQHandler
                0x000000000800e3f8                FLASH_IRQHandler
                0x000000000800e3f8                SPI3_IRQHandler
                0x000000000800e3f8                I2C1_ER_IRQHandler
                0x000000000800e3f8                DMA2_Channel3_IRQHandler
                0x000000000800e3f8                TIM1_BRK_TIM15_IRQHandler
 *(.rodata)
 .rodata        0x000000000800e3fc       0x48 obj/src/newlib.o
 .rodata        0x000000000800e444       0x28 obj/src/main.o
 .rodata        0x000000000800e46c       0x64 obj/src/stm32f30x_it.o
 .rodata        0x000000000800e4d0       0x20 /home/jonathan/x-tools/arm-unknown-eabi/lib/gcc/arm-unknown-eabi/4.7.2/../../../../arm-unknown-eabi/lib/libm.a(lib_a-sf_atan.o)
 .rodata        0x000000000800e4f0        0x4 /home/jonathan/x-tools/arm-unknown-eabi/lib/gcc/arm-unknown-eabi/4.7.2/../../../../arm-unknown-eabi/lib/libc.a(lib_a-impure.o)
                0x000000000800e4f0                _global_impure_ptr
 .rodata        0x000000000800e4f4       0x20 /home/jonathan/x-tools/arm-unknown-eabi/lib/gcc/arm-unknown-eabi/4.7.2/../../../../arm-unknown-eabi/lib/libc.a(lib_a-vfprintf.o)
 *fill*         0x000000000800e514        0x4 00
 .rodata        0x000000000800e518      0x128 /home/jonathan/x-tools/arm-unknown-eabi/lib/gcc/arm-unknown-eabi/4.7.2/../../../../arm-unknown-eabi/lib/libc.a(lib_a-mprec.o)
                0x000000000800e528                __mprec_tens
                0x000000000800e5f0                __mprec_tinytens
                0x000000000800e618                __mprec_bigtens
 .rodata        0x000000000800e640       0x20 /home/jonathan/x-tools/arm-unknown-eabi/lib/gcc/arm-unknown-eabi/4.7.2/../../../../arm-unknown-eabi/lib/libc.a(lib_a-vfiprintf.o)
 *(.rodata*)
 .rodata.GPIO_PIN
                0x000000000800e660       0x10 obj/src/stm32f3_discovery.o
                0x000000000800e660                GPIO_PIN
 .rodata.GPIO_CLK
                0x000000000800e670       0x20 obj/src/stm32f3_discovery.o
                0x000000000800e670                GPIO_CLK
 .rodata.BUTTON_PIN
                0x000000000800e690        0x4 obj/src/stm32f3_discovery.o
                0x000000000800e690                BUTTON_PIN
 .rodata.Joystick_DeviceDescriptor
                0x000000000800e694       0x14 obj/src/usb_desc.o
                0x000000000800e694                Joystick_DeviceDescriptor
 .rodata.Joystick_ConfigDescriptor
                0x000000000800e6a8       0x24 obj/src/usb_desc.o
                0x000000000800e6a8                Joystick_ConfigDescriptor
 .rodata.Joystick_ReportDescriptor
                0x000000000800e6cc       0x4c obj/src/usb_desc.o
                0x000000000800e6cc                Joystick_ReportDescriptor
 .rodata.Joystick_StringLangID
                0x000000000800e718        0x4 obj/src/usb_desc.o
                0x000000000800e718                Joystick_StringLangID
 .rodata.Joystick_StringVendor
                0x000000000800e71c       0x28 obj/src/usb_desc.o
                0x000000000800e71c                Joystick_StringVendor
 .rodata.Joystick_StringProduct
                0x000000000800e744       0x20 obj/src/usb_desc.o
                0x000000000800e744                Joystick_StringProduct
 .rodata.str1.1
                0x000000000800e764        0x5 /home/jonathan/x-tools/arm-unknown-eabi/lib/gcc/arm-unknown-eabi/4.7.2/../../../../arm-unknown-eabi/lib/libm.a(lib_a-w_acos.o)
                                          0x6 (size before relaxing)
 .rodata.str1.1
                0x000000000800e769        0x5 /home/jonathan/x-tools/arm-unknown-eabi/lib/gcc/arm-unknown-eabi/4.7.2/../../../../arm-unknown-eabi/lib/libm.a(lib_a-w_sqrt.o)
 .rodata.str1.1
                0x000000000800e76e        0x2 /home/jonathan/x-tools/arm-unknown-eabi/lib/gcc/arm-unknown-eabi/4.7.2/../../../../arm-unknown-eabi/lib/libc.a(lib_a-impure.o)
 .rodata.str1.1
                0x000000000800e770       0x34 /home/jonathan/x-tools/arm-unknown-eabi/lib/gcc/arm-unknown-eabi/4.7.2/../../../../arm-unknown-eabi/lib/libc.a(lib_a-vfprintf.o)
 .rodata.str1.1
                0x000000000800e7a4        0xd /home/jonathan/x-tools/arm-unknown-eabi/lib/gcc/arm-unknown-eabi/4.7.2/../../../../arm-unknown-eabi/lib/libc.a(lib_a-dtoa.o)
                                          0xf (size before relaxing)
 .rodata.str1.1
                0x000000000800e7b1        0x8 /home/jonathan/x-tools/arm-unknown-eabi/lib/gcc/arm-unknown-eabi/4.7.2/../../../../arm-unknown-eabi/lib/libc.a(lib_a-locale.o)
                                          0xb (size before relaxing)
 .rodata.str1.1
                0x0000000000000000       0x22 /home/jonathan/x-tools/arm-unknown-eabi/lib/gcc/arm-unknown-eabi/4.7.2/../../../../arm-unknown-eabi/lib/libc.a(lib_a-vfiprintf.o)
 *(.glue_7)
 .glue_7        0x0000000000000000        0x0 linker stubs
 *(.glue_7t)
 .glue_7t       0x0000000000000000        0x0 linker stubs
 *(.eh_frame)
 *fill*         0x000000000800e7b9        0x3 00
 .eh_frame      0x000000000800e7bc        0x0 /home/jonathan/x-tools/arm-unknown-eabi/lib/gcc/arm-unknown-eabi/4.7.2/crtbegin.o
 *(.init)
 .init          0x000000000800e7bc        0x4 /home/jonathan/x-tools/arm-unknown-eabi/lib/gcc/arm-unknown-eabi/4.7.2/crti.o
                0x000000000800e7bc                _init
 .init          0x000000000800e7c0        0x8 /home/jonathan/x-tools/arm-unknown-eabi/lib/gcc/arm-unknown-eabi/4.7.2/crtn.o
 *(.fini)
 .fini          0x000000000800e7c8        0x4 /home/jonathan/x-tools/arm-unknown-eabi/lib/gcc/arm-unknown-eabi/4.7.2/crti.o
                0x000000000800e7c8                _fini
 .fini          0x000000000800e7cc        0x8 /home/jonathan/x-tools/arm-unknown-eabi/lib/gcc/arm-unknown-eabi/4.7.2/crtn.o
                0x000000000800e7d4                . = ALIGN (0x4)
                0x000000000800e7d4                _etext = .

.vfp11_veneer   0x000000000800e7d4        0x0
 .vfp11_veneer  0x0000000000000000        0x0 linker stubs

.v4_bx          0x000000000800e7d4        0x0
 .v4_bx         0x0000000000000000        0x0 linker stubs

.iplt           0x000000000800e7d4        0x0
 .iplt          0x0000000000000000        0x0 /home/jonathan/x-tools/arm-unknown-eabi/lib/gcc/arm-unknown-eabi/4.7.2/crtbegin.o

.ARM.extab      0x000000000800e7d4       0x30
 *(.ARM.extab* .gnu.linkonce.armextab.*)
 .ARM.extab     0x000000000800e7d4       0x18 /home/jonathan/x-tools/arm-unknown-eabi/lib/gcc/arm-unknown-eabi/4.7.2/libgcc.a(unwind-arm.o)
 .ARM.extab     0x000000000800e7ec       0x18 /home/jonathan/x-tools/arm-unknown-eabi/lib/gcc/arm-unknown-eabi/4.7.2/libgcc.a(pr-support.o)

.ARM            0x000000000800e804       0xd8
                0x000000000800e804                __exidx_start = .
 *(.ARM.exidx*)
 .ARM.exidx     0x000000000800e804        0x8 /home/jonathan/x-tools/arm-unknown-eabi/lib/gcc/arm-unknown-eabi/4.7.2/libgcc.a(_divdi3.o)
 .ARM.exidx     0x000000000800e80c        0x8 /home/jonathan/x-tools/arm-unknown-eabi/lib/gcc/arm-unknown-eabi/4.7.2/libgcc.a(_udivdi3.o)
 .ARM.exidx     0x000000000800e814       0x90 /home/jonathan/x-tools/arm-unknown-eabi/lib/gcc/arm-unknown-eabi/4.7.2/libgcc.a(unwind-arm.o)
                                         0xd8 (size before relaxing)
 .ARM.exidx     0x000000000800e8a4       0x38 /home/jonathan/x-tools/arm-unknown-eabi/lib/gcc/arm-unknown-eabi/4.7.2/libgcc.a(pr-support.o)
                                         0x48 (size before relaxing)
                0x000000000800e8dc                __exidx_end = .

.rel.dyn        0x000000000800e8dc        0x0
 .rel.iplt      0x0000000000000000        0x0 /home/jonathan/x-tools/arm-unknown-eabi/lib/gcc/arm-unknown-eabi/4.7.2/crtbegin.o

.preinit_array  0x000000000800e8dc        0x0
                0x000000000800e8dc                PROVIDE (__preinit_array_start, .)
 *(.preinit_array*)
                0x000000000800e8dc                PROVIDE (__preinit_array_end, .)

.init_array     0x000000000800e8dc        0x4
                0x000000000800e8dc                PROVIDE (__init_array_start, .)
 *(SORT(.init_array.*))
 *(.init_array*)
 .init_array    0x000000000800e8dc        0x4 /home/jonathan/x-tools/arm-unknown-eabi/lib/gcc/arm-unknown-eabi/4.7.2/crtbegin.o
                0x000000000800e8e0                PROVIDE (__init_array_end, .)

.fini_array     0x000000000800e8e0        0x4
                0x000000000800e8e0                PROVIDE (__fini_array_start, .)
 *(SORT(.fini_array.*))
 *(.fini_array*)
 .fini_array    0x000000000800e8e0        0x4 /home/jonathan/x-tools/arm-unknown-eabi/lib/gcc/arm-unknown-eabi/4.7.2/crtbegin.o
                0x000000000800e8e4                PROVIDE (__fini_array_end, .)
                0x000000000800e8e8                _sidata = LOADADDR (.data)

.data           0x0000000020000000      0x9fc load address 0x000000000800e8e8
                0x0000000020000000                . = ALIGN (0x4)
                0x0000000020000000                _sdata = .
 *(.data)
 .data          0x0000000020000000        0x1 /home/jonathan/x-tools/arm-unknown-eabi/lib/gcc/arm-unknown-eabi/4.7.2/../../../../arm-unknown-eabi/lib/libm.a(lib_a-s_lib_ver.o)
                0x0000000020000000                __fdlib_version
 *fill*         0x0000000020000001        0x7 00
 .data          0x0000000020000008      0x430 /home/jonathan/x-tools/arm-unknown-eabi/lib/gcc/arm-unknown-eabi/4.7.2/../../../../arm-unknown-eabi/lib/libc.a(lib_a-impure.o)
                0x0000000020000008                _impure_ptr
 .data          0x0000000020000438       0x7c /home/jonathan/x-tools/arm-unknown-eabi/lib/gcc/arm-unknown-eabi/4.7.2/../../../../arm-unknown-eabi/lib/libc.a(lib_a-locale.o)
                0x0000000020000458                __mb_cur_max
 .data          0x00000000200004b4      0x410 /home/jonathan/x-tools/arm-unknown-eabi/lib/gcc/arm-unknown-eabi/4.7.2/../../../../arm-unknown-eabi/lib/libc.a(lib_a-mallocr.o)
                0x00000000200004b4                __malloc_av_
                0x00000000200008bc                __malloc_sbrk_base
                0x00000000200008c0                __malloc_trim_threshold
 .data          0x00000000200008c4        0x4 /home/jonathan/x-tools/arm-unknown-eabi/lib/gcc/arm-unknown-eabi/4.7.2/../../../../arm-unknown-eabi/lib/libc.a(lib_a-wctomb_r.o)
                0x00000000200008c4                __wctomb
 *(.data*)
 .data.APBAHBPrescTable
                0x00000000200008c8       0x10 obj/Libraries/STM32F30x_StdPeriph_Driver/src/stm32f30x_rcc.o
 .data.ADCPrescTable
                0x00000000200008d8       0x1c obj/Libraries/STM32F30x_StdPeriph_Driver/src/stm32f30x_rcc.o
 .data.L3GD20Timeout
                0x00000000200008f4        0x4 obj/src/stm32f3_discovery_l3gd20.o
                0x00000000200008f4                L3GD20Timeout
 .data.GPIO_PORT
                0x00000000200008f8       0x20 obj/src/stm32f3_discovery.o
                0x00000000200008f8                GPIO_PORT
 .data.BUTTON_PORT
                0x0000000020000918        0x4 obj/src/stm32f3_discovery.o
                0x0000000020000918                BUTTON_PORT
 .data.LSM303DLHC_Timeout
                0x000000002000091c        0x4 obj/src/stm32f3_discovery_lsm303dlhc.o
                0x000000002000091c                LSM303DLHC_Timeout
 .data.leds     0x0000000020000920        0x8 obj/src/main.o
                0x0000000020000920                leds
 .data.USBConnectTimeOut
                0x0000000020000928        0x4 obj/src/main.o
                0x0000000020000928                USBConnectTimeOut
 .data.PrevXferComplete
                0x000000002000092c        0x1 obj/src/main.o
                0x000000002000092c                PrevXferComplete
 *fill*         0x000000002000092d        0x3 00
 .data.pEpInt_IN
                0x0000000020000930       0x1c obj/src/usb_istr.o
                0x0000000020000930                pEpInt_IN
 .data.pEpInt_OUT
                0x000000002000094c       0x1c obj/src/usb_istr.o
                0x000000002000094c                pEpInt_OUT
 .data.fSuspendEnabled
                0x0000000020000968        0x1 obj/src/usb_pwr.o
                0x0000000020000968                fSuspendEnabled
 *fill*         0x0000000020000969        0x3 00
 .data.Device_Table
                0x000000002000096c        0x4 obj/src/usb_prop.o
                0x000000002000096c                Device_Table
 .data.Device_Property
                0x0000000020000970       0x30 obj/src/usb_prop.o
                0x0000000020000970                Device_Property
 .data.Device_Descriptor
                0x00000000200009a0        0x8 obj/src/usb_prop.o
                0x00000000200009a0                Device_Descriptor
 .data.Config_Descriptor
                0x00000000200009a8        0x8 obj/src/usb_prop.o
                0x00000000200009a8                Config_Descriptor
 .data.Joystick_Report_Descriptor
                0x00000000200009b0        0x8 obj/src/usb_prop.o
                0x00000000200009b0                Joystick_Report_Descriptor
 .data.Mouse_Hid_Descriptor
                0x00000000200009b8        0x8 obj/src/usb_prop.o
                0x00000000200009b8                Mouse_Hid_Descriptor
 .data.String_Descriptor
                0x00000000200009c0       0x20 obj/src/usb_prop.o
                0x00000000200009c0                String_Descriptor
 .data.Joystick_StringSerial
                0x00000000200009e0       0x1c obj/src/usb_desc.o
                0x00000000200009e0                Joystick_StringSerial
                0x00000000200009fc                . = ALIGN (0x4)
                0x00000000200009fc                _edata = .
                0x000000000800f2e4                _siccmram = LOADADDR (.ccmram)

.jcr            0x00000000200009fc        0x0 load address 0x000000000800f2e4
 .jcr           0x00000000200009fc        0x0 /home/jonathan/x-tools/arm-unknown-eabi/lib/gcc/arm-unknown-eabi/4.7.2/crtbegin.o

.tm_clone_table
                0x00000000200009fc        0x0 load address 0x000000000800f2e4
 .tm_clone_table
                0x00000000200009fc        0x0 /home/jonathan/x-tools/arm-unknown-eabi/lib/gcc/arm-unknown-eabi/4.7.2/crtbegin.o
 .tm_clone_table
                0x00000000200009fc        0x0 /home/jonathan/x-tools/arm-unknown-eabi/lib/gcc/arm-unknown-eabi/4.7.2/crtend.o

.igot.plt       0x00000000200009fc        0x0 load address 0x000000000800f2e4
 .igot.plt      0x0000000000000000        0x0 /home/jonathan/x-tools/arm-unknown-eabi/lib/gcc/arm-unknown-eabi/4.7.2/crtbegin.o

.ccmram         0x0000000010000000        0x0 load address 0x000000000800f2e4
                0x0000000010000000                . = ALIGN (0x4)
                0x0000000010000000                _sccmram = .
 *(.ccmram)
 *(.ccmram*)
                0x0000000010000000                . = ALIGN (0x4)
                0x0000000010000000                _eccmram = .
                0x0000000010000000                . = ALIGN (0x4)

.bss            0x00000000200009fc      0x190
                0x00000000200009fc                _sbss = .
                0x00000000200009fc                __bss_start__ = _sbss
 *(.bss)
 .bss           0x00000000200009fc       0x1c /home/jonathan/x-tools/arm-unknown-eabi/lib/gcc/arm-unknown-eabi/4.7.2/crtbegin.o
 .bss           0x0000000020000a18       0x34 /home/jonathan/x-tools/arm-unknown-eabi/lib/gcc/arm-unknown-eabi/4.7.2/../../../../arm-unknown-eabi/lib/libc.a(lib_a-mallocr.o)
                0x0000000020000a18                __malloc_top_pad
                0x0000000020000a1c                __malloc_current_mallinfo
                0x0000000020000a44                __malloc_max_sbrked_mem
                0x0000000020000a48                __malloc_max_total_mem
 *(.bss*)
 .bss.Data_Mul_MaxPacketSize
                0x0000000020000a4c        0x1 obj/Libraries/STM32_USB-FS-Device_Driver/src/usb_core.o
                0x0000000020000a4c                Data_Mul_MaxPacketSize
 *fill*         0x0000000020000a4d        0x3 00
 .bss.buffer.7739
                0x0000000020000a50        0x8 obj/src/compass.o
 .bss.heap_end.5748
                0x0000000020000a58        0x4 obj/src/newlib.o
 .bss.DataReady
                0x0000000020000a5c        0x1 obj/src/main.o
                0x0000000020000a5c                DataReady
 *fill*         0x0000000020000a5d        0x3 00
 .bss.UserButtonPressed
                0x0000000020000a60        0x4 obj/src/main.o
                0x0000000020000a60                UserButtonPressed
 .bss.TimingDelay
                0x0000000020000a64        0x4 obj/src/stm32f30x_it.o
                0x0000000020000a64                TimingDelay
 .bss.bIntPackSOF
                0x0000000020000a68        0x1 obj/src/usb_istr.o
                0x0000000020000a68                bIntPackSOF
 *fill*         0x0000000020000a69        0x3 00
 .bss.bDeviceState
                0x0000000020000a6c        0x4 obj/src/usb_pwr.o
                0x0000000020000a6c                bDeviceState
 .bss.USART1_readidx
                0x0000000020000a70        0x4 obj/src/usart.o
                0x0000000020000a70                USART1_readidx
 .bss.USART1_writeidx
                0x0000000020000a74        0x4 obj/src/usart.o
                0x0000000020000a74                USART1_writeidx
 *(COMMON)
 COMMON         0x0000000020000a78       0x32 obj/Libraries/STM32_USB-FS-Device_Driver/src/usb_init.o
                0x0000000020000a78                SaveState
                0x0000000020000a7c                pProperty
                0x0000000020000a80                EPindex
                0x0000000020000a84                Device_Info
                0x0000000020000aa0                pUser_Standard_Requests
                0x0000000020000aa4                pInformation
                0x0000000020000aa8                wInterrupt_Mask
 *fill*         0x0000000020000aaa        0x2 00
 COMMON         0x0000000020000aac        0x2 obj/Libraries/STM32_USB-FS-Device_Driver/src/usb_core.o
                0x0000000020000aac                StatusInfo
 COMMON         0x0000000020000aae        0x4 obj/Libraries/STM32_USB-FS-Device_Driver/src/usb_int.o
                0x0000000020000aae                SaveRState
                0x0000000020000ab0                SaveTState
 *fill*         0x0000000020000ab2        0x2 00
 COMMON         0x0000000020000ab4        0xc obj/src/hw_config.o
                0x0000000020000ab4                HSEStartUpStatus
                0x0000000020000ab8                EXTI_InitStructure
 COMMON         0x0000000020000ac0       0x3c obj/src/main.o
                0x0000000020000ac0                RCC_Clocks
 COMMON         0x0000000020000afc        0x2 obj/src/usb_istr.o
                0x0000000020000afc                wIstr
 *fill*         0x0000000020000afe        0x2 00
 COMMON         0x0000000020000b00        0x2 obj/src/usb_pwr.o
                0x0000000020000b00                ResumeS
 *fill*         0x0000000020000b02        0x2 00
 COMMON         0x0000000020000b04        0x4 obj/src/usb_prop.o
                0x0000000020000b04                ProtocolValue
 COMMON         0x0000000020000b08       0x80 obj/src/usart.o
                0x0000000020000b08                USART1_ringbuf
 COMMON         0x0000000020000b88        0x4 /home/jonathan/x-tools/arm-unknown-eabi/lib/gcc/arm-unknown-eabi/4.7.2/../../../../arm-unknown-eabi/lib/libc.a(lib_a-reent.o)
                0x0000000020000b88                errno
                0x0000000020000b8c                . = ALIGN (0x4)
                0x0000000020000b8c                _ebss = .
                0x0000000020000b8c                __bss_end__ = _ebss

._user_heap_stack
                0x0000000020000b8c      0x200
                0x0000000020000b8c                . = ALIGN (0x4)
                0x0000000020000b8c                PROVIDE (end, .)
                0x0000000020000b8c                PROVIDE (_end, .)
                0x0000000020000b8c                . = (. + _Min_Heap_Size)
                0x0000000020000d8c                . = (. + _Min_Stack_Size)
 *fill*         0x0000000020000b8c      0x200 00
                0x0000000020000d8c                . = ALIGN (0x4)

.memory_b1_text
 *(.mb1text)
 *(.mb1text*)
 *(.mb1rodata)
 *(.mb1rodata*)

/DISCARD/
 libc.a(*)
 libm.a(*)
 libgcc.a(*)

.ARM.attributes
                0x0000000000000000       0x37
 *(.ARM.attributes)
 .ARM.attributes
                0x0000000000000000       0x23 /home/jonathan/x-tools/arm-unknown-eabi/lib/gcc/arm-unknown-eabi/4.7.2/crti.o
 .ARM.attributes
                0x0000000000000023       0x35 /home/jonathan/x-tools/arm-unknown-eabi/lib/gcc/arm-unknown-eabi/4.7.2/crtbegin.o
 .ARM.attributes
                0x0000000000000058       0x3b obj/Libraries/STM32F30x_StdPeriph_Driver/src/stm32f30x_rcc.o
 .ARM.attributes
                0x0000000000000093       0x3b obj/Libraries/STM32F30x_StdPeriph_Driver/src/stm32f30x_spi.o
 .ARM.attributes
                0x00000000000000ce       0x3b obj/Libraries/STM32F30x_StdPeriph_Driver/src/stm32f30x_exti.o
 .ARM.attributes
                0x0000000000000109       0x3b obj/Libraries/STM32F30x_StdPeriph_Driver/src/stm32f30x_i2c.o
 .ARM.attributes
                0x0000000000000144       0x3b obj/Libraries/STM32F30x_StdPeriph_Driver/src/stm32f30x_syscfg.o
 .ARM.attributes
                0x000000000000017f       0x3b obj/Libraries/STM32F30x_StdPeriph_Driver/src/stm32f30x_usart.o
 .ARM.attributes
                0x00000000000001ba       0x3b obj/Libraries/STM32F30x_StdPeriph_Driver/src/stm32f30x_gpio.o
 .ARM.attributes
                0x00000000000001f5       0x3b obj/Libraries/STM32_USB-FS-Device_Driver/src/usb_mem.o
 .ARM.attributes
                0x0000000000000230       0x3b obj/Libraries/STM32_USB-FS-Device_Driver/src/usb_init.o
 .ARM.attributes
                0x000000000000026b       0x3b obj/Libraries/STM32_USB-FS-Device_Driver/src/usb_sil.o
 .ARM.attributes
                0x00000000000002a6       0x3b obj/Libraries/STM32_USB-FS-Device_Driver/src/usb_core.o
 .ARM.attributes
                0x00000000000002e1       0x3b obj/Libraries/STM32_USB-FS-Device_Driver/src/usb_regs.o
 .ARM.attributes
                0x000000000000031c       0x3b obj/Libraries/STM32_USB-FS-Device_Driver/src/usb_int.o
 .ARM.attributes
                0x0000000000000357       0x3b obj/src/gyro.o
 .ARM.attributes
                0x0000000000000392       0x3b obj/src/hw_config.o
 .ARM.attributes
                0x00000000000003cd       0x3b obj/src/stm32f3_discovery_l3gd20.o
 .ARM.attributes
                0x0000000000000408       0x3b obj/src/ring_avg.o
 .ARM.attributes
                0x0000000000000443       0x3b obj/src/stm32f3_discovery.o
 .ARM.attributes
                0x000000000000047e       0x3b obj/src/compass.o
 .ARM.attributes
                0x00000000000004b9       0x3b obj/src/newlib.o
 .ARM.attributes
                0x00000000000004f4       0x3b obj/src/stm32f3_discovery_lsm303dlhc.o
 .ARM.attributes
                0x000000000000052f       0x3b obj/src/main.o
 .ARM.attributes
                0x000000000000056a       0x3b obj/src/stm32f30x_it.o
 .ARM.attributes
                0x00000000000005a5       0x3b obj/src/usb_istr.o
 .ARM.attributes
                0x00000000000005e0       0x3b obj/src/system_stm32f30x.o
 .ARM.attributes
                0x000000000000061b       0x3b obj/src/usb_pwr.o
 .ARM.attributes
                0x0000000000000656       0x3b obj/src/usb_prop.o
 .ARM.attributes
                0x0000000000000691       0x3b obj/src/usb_desc.o
 .ARM.attributes
                0x00000000000006cc       0x3b obj/src/usb_endp.o
 .ARM.attributes
                0x0000000000000707       0x3b obj/src/usart.o
 .ARM.attributes
                0x0000000000000742       0x21 obj/src/startup_stm32f30x.o
 .ARM.attributes
                0x0000000000000763       0x35 /home/jonathan/x-tools/arm-unknown-eabi/lib/gcc/arm-unknown-eabi/4.7.2/../../../../arm-unknown-eabi/lib/libm.a(lib_a-w_acos.o)
 .ARM.attributes
                0x0000000000000798       0x35 /home/jonathan/x-tools/arm-unknown-eabi/lib/gcc/arm-unknown-eabi/4.7.2/../../../../arm-unknown-eabi/lib/libm.a(lib_a-w_sqrt.o)
 .ARM.attributes
                0x00000000000007cd       0x35 /home/jonathan/x-tools/arm-unknown-eabi/lib/gcc/arm-unknown-eabi/4.7.2/../../../../arm-unknown-eabi/lib/libm.a(lib_a-wf_atan2.o)
 .ARM.attributes
                0x0000000000000802       0x35 /home/jonathan/x-tools/arm-unknown-eabi/lib/gcc/arm-unknown-eabi/4.7.2/../../../../arm-unknown-eabi/lib/libm.a(lib_a-e_acos.o)
 .ARM.attributes
                0x0000000000000837       0x35 /home/jonathan/x-tools/arm-unknown-eabi/lib/gcc/arm-unknown-eabi/4.7.2/../../../../arm-unknown-eabi/lib/libm.a(lib_a-e_sqrt.o)
 .ARM.attributes
                0x000000000000086c       0x35 /home/jonathan/x-tools/arm-unknown-eabi/lib/gcc/arm-unknown-eabi/4.7.2/../../../../arm-unknown-eabi/lib/libm.a(lib_a-ef_atan2.o)
 .ARM.attributes
                0x00000000000008a1       0x35 /home/jonathan/x-tools/arm-unknown-eabi/lib/gcc/arm-unknown-eabi/4.7.2/../../../../arm-unknown-eabi/lib/libm.a(lib_a-s_fabs.o)
 .ARM.attributes
                0x00000000000008d6       0x35 /home/jonathan/x-tools/arm-unknown-eabi/lib/gcc/arm-unknown-eabi/4.7.2/../../../../arm-unknown-eabi/lib/libm.a(lib_a-s_fpclassify.o)
 .ARM.attributes
                0x000000000000090b       0x35 /home/jonathan/x-tools/arm-unknown-eabi/lib/gcc/arm-unknown-eabi/4.7.2/../../../../arm-unknown-eabi/lib/libm.a(lib_a-s_lib_ver.o)
 .ARM.attributes
                0x0000000000000940       0x35 /home/jonathan/x-tools/arm-unknown-eabi/lib/gcc/arm-unknown-eabi/4.7.2/../../../../arm-unknown-eabi/lib/libm.a(lib_a-s_matherr.o)
 .ARM.attributes
                0x0000000000000975       0x35 /home/jonathan/x-tools/arm-unknown-eabi/lib/gcc/arm-unknown-eabi/4.7.2/../../../../arm-unknown-eabi/lib/libm.a(lib_a-s_nan.o)
 .ARM.attributes
                0x00000000000009aa       0x35 /home/jonathan/x-tools/arm-unknown-eabi/lib/gcc/arm-unknown-eabi/4.7.2/../../../../arm-unknown-eabi/lib/libm.a(lib_a-sf_atan.o)
 .ARM.attributes
                0x00000000000009df       0x35 /home/jonathan/x-tools/arm-unknown-eabi/lib/gcc/arm-unknown-eabi/4.7.2/../../../../arm-unknown-eabi/lib/libm.a(lib_a-sf_fabs.o)
 .ARM.attributes
                0x0000000000000a14       0x35 /home/jonathan/x-tools/arm-unknown-eabi/lib/gcc/arm-unknown-eabi/4.7.2/../../../../arm-unknown-eabi/lib/libc.a(lib_a-abort.o)
 .ARM.attributes
                0x0000000000000a49       0x35 /home/jonathan/x-tools/arm-unknown-eabi/lib/gcc/arm-unknown-eabi/4.7.2/../../../../arm-unknown-eabi/lib/libc.a(lib_a-errno.o)
 .ARM.attributes
                0x0000000000000a7e       0x35 /home/jonathan/x-tools/arm-unknown-eabi/lib/gcc/arm-unknown-eabi/4.7.2/../../../../arm-unknown-eabi/lib/libc.a(lib_a-impure.o)
 .ARM.attributes
                0x0000000000000ab3       0x35 /home/jonathan/x-tools/arm-unknown-eabi/lib/gcc/arm-unknown-eabi/4.7.2/../../../../arm-unknown-eabi/lib/libc.a(lib_a-init.o)
 .ARM.attributes
                0x0000000000000ae8       0x35 /home/jonathan/x-tools/arm-unknown-eabi/lib/gcc/arm-unknown-eabi/4.7.2/../../../../arm-unknown-eabi/lib/libc.a(lib_a-memcpy-stub.o)
 .ARM.attributes
                0x0000000000000b1d       0x35 /home/jonathan/x-tools/arm-unknown-eabi/lib/gcc/arm-unknown-eabi/4.7.2/../../../../arm-unknown-eabi/lib/libc.a(lib_a-memset.o)
 .ARM.attributes
                0x0000000000000b52       0x35 /home/jonathan/x-tools/arm-unknown-eabi/lib/gcc/arm-unknown-eabi/4.7.2/../../../../arm-unknown-eabi/lib/libc.a(lib_a-printf.o)
 .ARM.attributes
                0x0000000000000b87       0x35 /home/jonathan/x-tools/arm-unknown-eabi/lib/gcc/arm-unknown-eabi/4.7.2/../../../../arm-unknown-eabi/lib/libc.a(lib_a-reent.o)
 .ARM.attributes
                0x0000000000000bbc       0x35 /home/jonathan/x-tools/arm-unknown-eabi/lib/gcc/arm-unknown-eabi/4.7.2/../../../../arm-unknown-eabi/lib/libc.a(lib_a-setvbuf.o)
 .ARM.attributes
                0x0000000000000bf1       0x35 /home/jonathan/x-tools/arm-unknown-eabi/lib/gcc/arm-unknown-eabi/4.7.2/../../../../arm-unknown-eabi/lib/libc.a(lib_a-signal.o)
 .ARM.attributes
                0x0000000000000c26       0x35 /home/jonathan/x-tools/arm-unknown-eabi/lib/gcc/arm-unknown-eabi/4.7.2/../../../../arm-unknown-eabi/lib/libc.a(lib_a-signalr.o)
 .ARM.attributes
                0x0000000000000c5b       0x35 /home/jonathan/x-tools/arm-unknown-eabi/lib/gcc/arm-unknown-eabi/4.7.2/../../../../arm-unknown-eabi/lib/libc.a(lib_a-strlen.o)
 .ARM.attributes
                0x0000000000000c90       0x35 /home/jonathan/x-tools/arm-unknown-eabi/lib/gcc/arm-unknown-eabi/4.7.2/../../../../arm-unknown-eabi/lib/libc.a(lib_a-vfprintf.o)
 .ARM.attributes
                0x0000000000000cc5       0x35 /home/jonathan/x-tools/arm-unknown-eabi/lib/gcc/arm-unknown-eabi/4.7.2/../../../../arm-unknown-eabi/lib/libc.a(lib_a-wsetup.o)
 .ARM.attributes
                0x0000000000000cfa       0x35 /home/jonathan/x-tools/arm-unknown-eabi/lib/gcc/arm-unknown-eabi/4.7.2/../../../../arm-unknown-eabi/lib/libc.a(lib_a-dtoa.o)
 .ARM.attributes
                0x0000000000000d2f       0x35 /home/jonathan/x-tools/arm-unknown-eabi/lib/gcc/arm-unknown-eabi/4.7.2/../../../../arm-unknown-eabi/lib/libc.a(lib_a-fflush.o)
 .ARM.attributes
                0x0000000000000d64       0x35 /home/jonathan/x-tools/arm-unknown-eabi/lib/gcc/arm-unknown-eabi/4.7.2/../../../../arm-unknown-eabi/lib/libc.a(lib_a-findfp.o)
 .ARM.attributes
                0x0000000000000d99       0x35 /home/jonathan/x-tools/arm-unknown-eabi/lib/gcc/arm-unknown-eabi/4.7.2/../../../../arm-unknown-eabi/lib/libc.a(lib_a-freer.o)
 .ARM.attributes
                0x0000000000000dce       0x35 /home/jonathan/x-tools/arm-unknown-eabi/lib/gcc/arm-unknown-eabi/4.7.2/../../../../arm-unknown-eabi/lib/libc.a(lib_a-fwalk.o)
 .ARM.attributes
                0x0000000000000e03       0x35 /home/jonathan/x-tools/arm-unknown-eabi/lib/gcc/arm-unknown-eabi/4.7.2/../../../../arm-unknown-eabi/lib/libc.a(lib_a-locale.o)
 .ARM.attributes
                0x0000000000000e38       0x35 /home/jonathan/x-tools/arm-unknown-eabi/lib/gcc/arm-unknown-eabi/4.7.2/../../../../arm-unknown-eabi/lib/libc.a(lib_a-makebuf.o)
 .ARM.attributes
                0x0000000000000e6d       0x35 /home/jonathan/x-tools/arm-unknown-eabi/lib/gcc/arm-unknown-eabi/4.7.2/../../../../arm-unknown-eabi/lib/libc.a(lib_a-malloc.o)
 .ARM.attributes
                0x0000000000000ea2       0x35 /home/jonathan/x-tools/arm-unknown-eabi/lib/gcc/arm-unknown-eabi/4.7.2/../../../../arm-unknown-eabi/lib/libc.a(lib_a-mallocr.o)
 .ARM.attributes
                0x0000000000000ed7       0x35 /home/jonathan/x-tools/arm-unknown-eabi/lib/gcc/arm-unknown-eabi/4.7.2/../../../../arm-unknown-eabi/lib/libc.a(lib_a-memchr-stub.o)
 .ARM.attributes
                0x0000000000000f0c       0x35 /home/jonathan/x-tools/arm-unknown-eabi/lib/gcc/arm-unknown-eabi/4.7.2/../../../../arm-unknown-eabi/lib/libc.a(lib_a-mlock.o)
 .ARM.attributes
                0x0000000000000f41       0x35 /home/jonathan/x-tools/arm-unknown-eabi/lib/gcc/arm-unknown-eabi/4.7.2/../../../../arm-unknown-eabi/lib/libc.a(lib_a-mprec.o)
 .ARM.attributes
                0x0000000000000f76       0x35 /home/jonathan/x-tools/arm-unknown-eabi/lib/gcc/arm-unknown-eabi/4.7.2/../../../../arm-unknown-eabi/lib/libc.a(lib_a-s_frexp.o)
 .ARM.attributes
                0x0000000000000fab       0x35 /home/jonathan/x-tools/arm-unknown-eabi/lib/gcc/arm-unknown-eabi/4.7.2/../../../../arm-unknown-eabi/lib/libc.a(lib_a-sbrkr.o)
 .ARM.attributes
                0x0000000000000fe0       0x35 /home/jonathan/x-tools/arm-unknown-eabi/lib/gcc/arm-unknown-eabi/4.7.2/../../../../arm-unknown-eabi/lib/libc.a(lib_a-stdio.o)
 .ARM.attributes